<?xml version="1.0"?>
<link_info>
   <banner>TI ARM Linker Unix v15.12.3.LTS</banner>
   <copyright>Copyright (c) 1996-2015 Texas Instruments Incorporated</copyright>
   <link_time>0x5839c8ff</link_time>
   <link_errors>0x0</link_errors>
   <output_file>audio_message_app.out</output_file>
   <entry_point>
      <name>_c_int00</name>
      <address>0x2000c2f1</address>
   </entry_point>
   <input_file_list>
      <input_file id="fl-2">
         <path>./</path>
         <kind>object</kind>
         <file>audiocodec.obj</file>
         <name>audiocodec.obj</name>
      </input_file>
      <input_file id="fl-3">
         <path>./</path>
         <kind>object</kind>
         <file>circ_buff.obj</file>
         <name>circ_buff.obj</name>
      </input_file>
      <input_file id="fl-4">
         <path>./</path>
         <kind>object</kind>
         <file>control.obj</file>
         <name>control.obj</name>
      </input_file>
      <input_file id="fl-5">
         <path>./</path>
         <kind>object</kind>
         <file>gpio_if.obj</file>
         <name>gpio_if.obj</name>
      </input_file>
      <input_file id="fl-6">
         <path>./</path>
         <kind>object</kind>
         <file>i2c_if.obj</file>
         <name>i2c_if.obj</name>
      </input_file>
      <input_file id="fl-7">
         <path>./</path>
         <kind>object</kind>
         <file>i2s_if.obj</file>
         <name>i2s_if.obj</name>
      </input_file>
      <input_file id="fl-8">
         <path>./</path>
         <kind>object</kind>
         <file>main.obj</file>
         <name>main.obj</name>
      </input_file>
      <input_file id="fl-9">
         <path>./</path>
         <kind>object</kind>
         <file>microphone.obj</file>
         <name>microphone.obj</name>
      </input_file>
      <input_file id="fl-a">
         <path>./</path>
         <kind>object</kind>
         <file>network.obj</file>
         <name>network.obj</name>
      </input_file>
      <input_file id="fl-b">
         <path>./</path>
         <kind>object</kind>
         <file>pcm_handler.obj</file>
         <name>pcm_handler.obj</name>
      </input_file>
      <input_file id="fl-c">
         <path>./</path>
         <kind>object</kind>
         <file>pinmux.obj</file>
         <name>pinmux.obj</name>
      </input_file>
      <input_file id="fl-d">
         <path>./</path>
         <kind>object</kind>
         <file>smartconfig.obj</file>
         <name>smartconfig.obj</name>
      </input_file>
      <input_file id="fl-e">
         <path>./</path>
         <kind>object</kind>
         <file>speaker.obj</file>
         <name>speaker.obj</name>
      </input_file>
      <input_file id="fl-f">
         <path>./</path>
         <kind>object</kind>
         <file>startup_ccs.obj</file>
         <name>startup_ccs.obj</name>
      </input_file>
      <input_file id="fl-10">
         <path>./</path>
         <kind>object</kind>
         <file>timer_if.obj</file>
         <name>timer_if.obj</name>
      </input_file>
      <input_file id="fl-11">
         <path>./</path>
         <kind>object</kind>
         <file>uart_if.obj</file>
         <name>uart_if.obj</name>
      </input_file>
      <input_file id="fl-12">
         <path>./</path>
         <kind>object</kind>
         <file>udma_if.obj</file>
         <name>udma_if.obj</name>
      </input_file>
      <input_file id="fl-13">
         <path>./</path>
         <kind>object</kind>
         <file>wdt_if.obj</file>
         <name>wdt_if.obj</name>
      </input_file>
      <input_file id="fl-d0">
         <path>/home/jeff/lib/embedded/ccsv6/tools/compiler/arm_15.12.3.LTS/lib/</path>
         <kind>archive</kind>
         <file>rtsv7M4_T_le_eabi.lib</file>
         <name>boot.obj</name>
      </input_file>
      <input_file id="fl-d1">
         <path>/home/jeff/lib/embedded/ccsv6/tools/compiler/arm_15.12.3.LTS/lib/</path>
         <kind>archive</kind>
         <file>rtsv7M4_T_le_eabi.lib</file>
         <name>copy_decompress_none.obj</name>
      </input_file>
      <input_file id="fl-d2">
         <path>/home/jeff/lib/embedded/ccsv6/tools/compiler/arm_15.12.3.LTS/lib/</path>
         <kind>archive</kind>
         <file>rtsv7M4_T_le_eabi.lib</file>
         <name>copy_decompress_rle.obj</name>
      </input_file>
      <input_file id="fl-d3">
         <path>/home/jeff/lib/embedded/ccsv6/tools/compiler/arm_15.12.3.LTS/lib/</path>
         <kind>archive</kind>
         <file>rtsv7M4_T_le_eabi.lib</file>
         <name>copy_zero_init.obj</name>
      </input_file>
      <input_file id="fl-d4">
         <path>/home/jeff/lib/embedded/ccsv6/tools/compiler/arm_15.12.3.LTS/lib/</path>
         <kind>archive</kind>
         <file>rtsv7M4_T_le_eabi.lib</file>
         <name>exit.obj</name>
      </input_file>
      <input_file id="fl-d5">
         <path>/home/jeff/lib/embedded/ccsv6/tools/compiler/arm_15.12.3.LTS/lib/</path>
         <kind>archive</kind>
         <file>rtsv7M4_T_le_eabi.lib</file>
         <name>memcpy_t2.obj</name>
      </input_file>
      <input_file id="fl-d6">
         <path>/home/jeff/lib/embedded/ccsv6/tools/compiler/arm_15.12.3.LTS/lib/</path>
         <kind>archive</kind>
         <file>rtsv7M4_T_le_eabi.lib</file>
         <name>memmov.obj</name>
      </input_file>
      <input_file id="fl-d7">
         <path>/home/jeff/lib/embedded/ccsv6/tools/compiler/arm_15.12.3.LTS/lib/</path>
         <kind>archive</kind>
         <file>rtsv7M4_T_le_eabi.lib</file>
         <name>memory.obj</name>
      </input_file>
      <input_file id="fl-d8">
         <path>/home/jeff/lib/embedded/ccsv6/tools/compiler/arm_15.12.3.LTS/lib/</path>
         <kind>archive</kind>
         <file>rtsv7M4_T_le_eabi.lib</file>
         <name>memset_t2.obj</name>
      </input_file>
      <input_file id="fl-d9">
         <path>/home/jeff/lib/embedded/ccsv6/tools/compiler/arm_15.12.3.LTS/lib/</path>
         <kind>archive</kind>
         <file>rtsv7M4_T_le_eabi.lib</file>
         <name>mpu_init.obj</name>
      </input_file>
      <input_file id="fl-da">
         <path>/home/jeff/lib/embedded/ccsv6/tools/compiler/arm_15.12.3.LTS/lib/</path>
         <kind>archive</kind>
         <file>rtsv7M4_T_le_eabi.lib</file>
         <name>pre_init.obj</name>
      </input_file>
      <input_file id="fl-db">
         <path>/home/jeff/lib/embedded/ccsv6/tools/compiler/arm_15.12.3.LTS/lib/</path>
         <kind>archive</kind>
         <file>rtsv7M4_T_le_eabi.lib</file>
         <name>stkdepth_vars.obj</name>
      </input_file>
      <input_file id="fl-dc">
         <path>/home/jeff/lib/embedded/ccsv6/tools/compiler/arm_15.12.3.LTS/lib/</path>
         <kind>archive</kind>
         <file>rtsv7M4_T_le_eabi.lib</file>
         <name>strlen.obj</name>
      </input_file>
      <input_file id="fl-dd">
         <path>/home/jeff/lib/embedded/ccsv6/tools/compiler/arm_15.12.3.LTS/lib/</path>
         <kind>archive</kind>
         <file>rtsv7M4_T_le_eabi.lib</file>
         <name>_lock.obj</name>
      </input_file>
      <input_file id="fl-de">
         <path>/home/jeff/lib/embedded/ccsv6/tools/compiler/arm_15.12.3.LTS/lib/</path>
         <kind>archive</kind>
         <file>rtsv7M4_T_le_eabi.lib</file>
         <name>args_main.obj</name>
      </input_file>
      <input_file id="fl-df">
         <path>/home/jeff/lib/embedded/ccsv6/tools/compiler/arm_15.12.3.LTS/lib/</path>
         <kind>archive</kind>
         <file>rtsv7M4_T_le_eabi.lib</file>
         <name>autoinit.obj</name>
      </input_file>
      <input_file id="fl-e0">
         <path>/home/jeff/lib/embedded/ccsv6/tools/compiler/arm_15.12.3.LTS/lib/</path>
         <kind>archive</kind>
         <file>rtsv7M4_T_le_eabi.lib</file>
         <name>cpy_tbl.obj</name>
      </input_file>
      <input_file id="fl-e1">
         <path>/home/jeff/lib/embedded/ccsv6/tools/compiler/arm_15.12.3.LTS/lib/</path>
         <kind>archive</kind>
         <file>rtsv7M4_T_le_eabi.lib</file>
         <name>startup.obj</name>
      </input_file>
      <input_file id="fl-e2">
         <path>/home/jeff/lib/embedded/ccsv6/ti/tirex-content/CC3200SDK_1.1.0/cc3200-sdk/oslib/ccs/free_rtos/</path>
         <kind>archive</kind>
         <file>free_rtos.a</file>
         <name>osi_freertos.obj</name>
      </input_file>
      <input_file id="fl-e3">
         <path>/home/jeff/lib/embedded/ccsv6/ti/tirex-content/CC3200SDK_1.1.0/cc3200-sdk/oslib/ccs/free_rtos/</path>
         <kind>archive</kind>
         <file>free_rtos.a</file>
         <name>port.obj</name>
      </input_file>
      <input_file id="fl-e4">
         <path>/home/jeff/lib/embedded/ccsv6/ti/tirex-content/CC3200SDK_1.1.0/cc3200-sdk/oslib/ccs/free_rtos/</path>
         <kind>archive</kind>
         <file>free_rtos.a</file>
         <name>portasm.obj</name>
      </input_file>
      <input_file id="fl-e5">
         <path>/home/jeff/lib/embedded/ccsv6/ti/tirex-content/CC3200SDK_1.1.0/cc3200-sdk/oslib/ccs/free_rtos/</path>
         <kind>archive</kind>
         <file>free_rtos.a</file>
         <name>queue.obj</name>
      </input_file>
      <input_file id="fl-e6">
         <path>/home/jeff/lib/embedded/ccsv6/ti/tirex-content/CC3200SDK_1.1.0/cc3200-sdk/oslib/ccs/free_rtos/</path>
         <kind>archive</kind>
         <file>free_rtos.a</file>
         <name>tasks.obj</name>
      </input_file>
      <input_file id="fl-e7">
         <path>/home/jeff/lib/embedded/ccsv6/ti/tirex-content/CC3200SDK_1.1.0/cc3200-sdk/oslib/ccs/free_rtos/</path>
         <kind>archive</kind>
         <file>free_rtos.a</file>
         <name>heap_3.obj</name>
      </input_file>
      <input_file id="fl-e8">
         <path>/home/jeff/lib/embedded/ccsv6/ti/tirex-content/CC3200SDK_1.1.0/cc3200-sdk/oslib/ccs/free_rtos/</path>
         <kind>archive</kind>
         <file>free_rtos.a</file>
         <name>list.obj</name>
      </input_file>
      <input_file id="fl-e9">
         <path>/home/jeff/lib/embedded/ccsv6/ti/tirex-content/CC3200SDK_1.1.0/cc3200-sdk/simplelink/ccs/OS/</path>
         <kind>archive</kind>
         <file>simplelink.a</file>
         <name>device.obj</name>
      </input_file>
      <input_file id="fl-ea">
         <path>/home/jeff/lib/embedded/ccsv6/ti/tirex-content/CC3200SDK_1.1.0/cc3200-sdk/simplelink/ccs/OS/</path>
         <kind>archive</kind>
         <file>simplelink.a</file>
         <name>driver.obj</name>
      </input_file>
      <input_file id="fl-eb">
         <path>/home/jeff/lib/embedded/ccsv6/ti/tirex-content/CC3200SDK_1.1.0/cc3200-sdk/simplelink/ccs/OS/</path>
         <kind>archive</kind>
         <file>simplelink.a</file>
         <name>netapp.obj</name>
      </input_file>
      <input_file id="fl-ec">
         <path>/home/jeff/lib/embedded/ccsv6/ti/tirex-content/CC3200SDK_1.1.0/cc3200-sdk/simplelink/ccs/OS/</path>
         <kind>archive</kind>
         <file>simplelink.a</file>
         <name>socket.obj</name>
      </input_file>
      <input_file id="fl-ed">
         <path>/home/jeff/lib/embedded/ccsv6/ti/tirex-content/CC3200SDK_1.1.0/cc3200-sdk/simplelink/ccs/OS/</path>
         <kind>archive</kind>
         <file>simplelink.a</file>
         <name>wlan.obj</name>
      </input_file>
      <input_file id="fl-ee">
         <path>/home/jeff/lib/embedded/ccsv6/ti/tirex-content/CC3200SDK_1.1.0/cc3200-sdk/simplelink/ccs/OS/</path>
         <kind>archive</kind>
         <file>simplelink.a</file>
         <name>cc_pal.obj</name>
      </input_file>
      <input_file id="fl-ef">
         <path>/home/jeff/lib/embedded/ccsv6/ti/tirex-content/CC3200SDK_1.1.0/cc3200-sdk/driverlib/ccs/Release/</path>
         <kind>archive</kind>
         <file>driverlib.a</file>
         <name>gpio.obj</name>
      </input_file>
      <input_file id="fl-f0">
         <path>/home/jeff/lib/embedded/ccsv6/ti/tirex-content/CC3200SDK_1.1.0/cc3200-sdk/driverlib/ccs/Release/</path>
         <kind>archive</kind>
         <file>driverlib.a</file>
         <name>i2c.obj</name>
      </input_file>
      <input_file id="fl-f1">
         <path>/home/jeff/lib/embedded/ccsv6/ti/tirex-content/CC3200SDK_1.1.0/cc3200-sdk/driverlib/ccs/Release/</path>
         <kind>archive</kind>
         <file>driverlib.a</file>
         <name>i2s.obj</name>
      </input_file>
      <input_file id="fl-f2">
         <path>/home/jeff/lib/embedded/ccsv6/ti/tirex-content/CC3200SDK_1.1.0/cc3200-sdk/driverlib/ccs/Release/</path>
         <kind>archive</kind>
         <file>driverlib.a</file>
         <name>interrupt.obj</name>
      </input_file>
      <input_file id="fl-f3">
         <path>/home/jeff/lib/embedded/ccsv6/ti/tirex-content/CC3200SDK_1.1.0/cc3200-sdk/driverlib/ccs/Release/</path>
         <kind>archive</kind>
         <file>driverlib.a</file>
         <name>pin.obj</name>
      </input_file>
      <input_file id="fl-f4">
         <path>/home/jeff/lib/embedded/ccsv6/ti/tirex-content/CC3200SDK_1.1.0/cc3200-sdk/driverlib/ccs/Release/</path>
         <kind>archive</kind>
         <file>driverlib.a</file>
         <name>prcm.obj</name>
      </input_file>
      <input_file id="fl-f5">
         <path>/home/jeff/lib/embedded/ccsv6/ti/tirex-content/CC3200SDK_1.1.0/cc3200-sdk/driverlib/ccs/Release/</path>
         <kind>archive</kind>
         <file>driverlib.a</file>
         <name>spi.obj</name>
      </input_file>
      <input_file id="fl-f6">
         <path>/home/jeff/lib/embedded/ccsv6/ti/tirex-content/CC3200SDK_1.1.0/cc3200-sdk/driverlib/ccs/Release/</path>
         <kind>archive</kind>
         <file>driverlib.a</file>
         <name>timer.obj</name>
      </input_file>
      <input_file id="fl-f7">
         <path>/home/jeff/lib/embedded/ccsv6/ti/tirex-content/CC3200SDK_1.1.0/cc3200-sdk/driverlib/ccs/Release/</path>
         <kind>archive</kind>
         <file>driverlib.a</file>
         <name>uart.obj</name>
      </input_file>
      <input_file id="fl-f8">
         <path>/home/jeff/lib/embedded/ccsv6/ti/tirex-content/CC3200SDK_1.1.0/cc3200-sdk/driverlib/ccs/Release/</path>
         <kind>archive</kind>
         <file>driverlib.a</file>
         <name>udma.obj</name>
      </input_file>
      <input_file id="fl-f9">
         <path>/home/jeff/lib/embedded/ccsv6/ti/tirex-content/CC3200SDK_1.1.0/cc3200-sdk/driverlib/ccs/Release/</path>
         <kind>archive</kind>
         <file>driverlib.a</file>
         <name>utils.obj</name>
      </input_file>
      <input_file id="fl-fa">
         <path>/home/jeff/lib/embedded/ccsv6/ti/tirex-content/CC3200SDK_1.1.0/cc3200-sdk/driverlib/ccs/Release/</path>
         <kind>archive</kind>
         <file>driverlib.a</file>
         <name>wdt.obj</name>
      </input_file>
      <input_file id="fl-fb">
         <path>/home/jeff/lib/embedded/ccsv6/ti/tirex-content/CC3200SDK_1.1.0/cc3200-sdk/driverlib/ccs/Release/</path>
         <kind>archive</kind>
         <file>driverlib.a</file>
         <name>cpu.obj</name>
      </input_file>
      <input_file id="fl-fc">
         <path>/home/jeff/lib/embedded/ccsv6/ti/tirex-content/CC3200SDK_1.1.0/cc3200-sdk/driverlib/ccs/Release/</path>
         <kind>archive</kind>
         <file>driverlib.a</file>
         <name>flash.obj</name>
      </input_file>
      <input_file id="fl-fd">
         <path>/home/jeff/lib/embedded/ccsv6/tools/compiler/arm_15.12.3.LTS/lib/</path>
         <kind>archive</kind>
         <file>rtsv7M4_T_le_eabi.lib</file>
         <name>ll_lsr_t2.obj</name>
      </input_file>
      <input_file id="fl-fe">
         <path>/home/jeff/lib/embedded/ccsv6/tools/compiler/arm_15.12.3.LTS/lib/</path>
         <kind>archive</kind>
         <file>rtsv7M4_T_le_eabi.lib</file>
         <name>ull_div_t2.obj</name>
      </input_file>
   </input_file_list>
   <object_component_list>
      <object_component id="oc-f">
         <name>.intvecs</name>
         <load_address>0x20004000</load_address>
         <run_address>0x20004000</run_address>
         <size>0x400</size>
         <input_file_ref idref="fl-f"/>
      </object_component>
      <object_component id="oc-8d">
         <name>.text</name>
         <load_address>0x20004400</load_address>
         <run_address>0x20004400</run_address>
         <size>0x1258</size>
         <input_file_ref idref="fl-e6"/>
      </object_component>
      <object_component id="oc-399">
         <name>.text</name>
         <load_address>0x20005658</load_address>
         <run_address>0x20005658</run_address>
         <size>0xb24</size>
         <input_file_ref idref="fl-e5"/>
      </object_component>
      <object_component id="oc-738">
         <name>.text:_SlDrvMsgRead</name>
         <load_address>0x2000617c</load_address>
         <run_address>0x2000617c</run_address>
         <size>0x5ec</size>
         <input_file_ref idref="fl-ea"/>
      </object_component>
      <object_component id="oc-17b">
         <name>.text</name>
         <load_address>0x20006768</load_address>
         <run_address>0x20006768</run_address>
         <size>0x45c</size>
         <input_file_ref idref="fl-e2"/>
      </object_component>
      <object_component id="oc-15d">
         <name>.text</name>
         <load_address>0x20006bc4</load_address>
         <run_address>0x20006bc4</run_address>
         <size>0x430</size>
         <input_file_ref idref="fl-2"/>
      </object_component>
      <object_component id="oc-1cb">
         <name>.text</name>
         <load_address>0x20006ff4</load_address>
         <run_address>0x20006ff4</run_address>
         <size>0x3dc</size>
         <input_file_ref idref="fl-d7"/>
      </object_component>
      <object_component id="oc-181">
         <name>.text</name>
         <load_address>0x200073d0</load_address>
         <run_address>0x200073d0</run_address>
         <size>0x334</size>
         <input_file_ref idref="fl-4"/>
      </object_component>
      <object_component id="oc-18e">
         <name>.text</name>
         <load_address>0x20007704</load_address>
         <run_address>0x20007704</run_address>
         <size>0x2a0</size>
         <input_file_ref idref="fl-a"/>
      </object_component>
      <object_component id="oc-163">
         <name>.text</name>
         <load_address>0x200079a4</load_address>
         <run_address>0x200079a4</run_address>
         <size>0x250</size>
         <input_file_ref idref="fl-5"/>
      </object_component>
      <object_component id="oc-79c">
         <name>.text:_SlDrvRxHdrRead</name>
         <load_address>0x20007bf4</load_address>
         <run_address>0x20007bf4</run_address>
         <size>0x248</size>
         <input_file_ref idref="fl-ea"/>
      </object_component>
      <object_component id="oc-175">
         <name>.text</name>
         <load_address>0x20007e3c</load_address>
         <run_address>0x20007e3c</run_address>
         <size>0x224</size>
         <input_file_ref idref="fl-b"/>
      </object_component>
      <object_component id="oc-4c9">
         <name>.text</name>
         <load_address>0x20008060</load_address>
         <run_address>0x20008060</run_address>
         <size>0x1f4</size>
         <input_file_ref idref="fl-fe"/>
      </object_component>
      <object_component id="oc-532">
         <name>.text:_SlDrvReleasePoolObj</name>
         <load_address>0x20008254</load_address>
         <run_address>0x20008254</run_address>
         <size>0x1d0</size>
         <input_file_ref idref="fl-ea"/>
      </object_component>
      <object_component id="oc-652">
         <name>.text:_SlDrvMsgWrite</name>
         <load_address>0x20008424</load_address>
         <run_address>0x20008424</run_address>
         <size>0x1cc</size>
         <input_file_ref idref="fl-ea"/>
      </object_component>
      <object_component id="oc-d0">
         <name>.text</name>
         <load_address>0x200085f0</load_address>
         <run_address>0x200085f0</run_address>
         <size>0x1c8</size>
         <input_file_ref idref="fl-8"/>
      </object_component>
      <object_component id="oc-157">
         <name>.text</name>
         <load_address>0x200087b8</load_address>
         <run_address>0x200087b8</run_address>
         <size>0x1b2</size>
         <input_file_ref idref="fl-3"/>
      </object_component>
      <object_component id="oc-4f8">
         <name>.text:IntDefaultHandler</name>
         <load_address>0x2000896a</load_address>
         <run_address>0x2000896a</run_address>
         <size>0x2</size>
         <input_file_ref idref="fl-f2"/>
      </object_component>
      <object_component id="oc-639">
         <name>.text:_SlDrvWaitForPoolObj</name>
         <load_address>0x2000896c</load_address>
         <run_address>0x2000896c</run_address>
         <size>0x190</size>
         <input_file_ref idref="fl-ea"/>
      </object_component>
      <object_component id="oc-151">
         <name>.text</name>
         <load_address>0x20008afc</load_address>
         <run_address>0x20008afc</run_address>
         <size>0x180</size>
         <input_file_ref idref="fl-6"/>
      </object_component>
      <object_component id="oc-583">
         <name>.text:_SlDrvDriverCBInit</name>
         <load_address>0x20008c7c</load_address>
         <run_address>0x20008c7c</run_address>
         <size>0x174</size>
         <input_file_ref idref="fl-ea"/>
      </object_component>
      <object_component id="oc-7ae">
         <name>.text:_SlFindAndSetActiveObj</name>
         <load_address>0x20008df0</load_address>
         <run_address>0x20008df0</run_address>
         <size>0x170</size>
         <input_file_ref idref="fl-ea"/>
      </object_component>
      <object_component id="oc-16f">
         <name>.text</name>
         <load_address>0x20008f60</load_address>
         <run_address>0x20008f60</run_address>
         <size>0x160</size>
         <input_file_ref idref="fl-12"/>
      </object_component>
      <object_component id="oc-589">
         <name>.text:spi_Open</name>
         <load_address>0x200090c0</load_address>
         <run_address>0x200090c0</run_address>
         <size>0x14c</size>
         <input_file_ref idref="fl-ee"/>
      </object_component>
      <object_component id="oc-446">
         <name>.text:sl_Select</name>
         <load_address>0x2000920c</load_address>
         <run_address>0x2000920c</run_address>
         <size>0x13c</size>
         <input_file_ref idref="fl-ec"/>
      </object_component>
      <object_component id="oc-13f">
         <name>.text:PRCMCC3200MCUInit</name>
         <load_address>0x20009348</load_address>
         <run_address>0x20009348</run_address>
         <size>0x134</size>
         <input_file_ref idref="fl-f4"/>
      </object_component>
      <object_component id="oc-ef">
         <name>.text</name>
         <load_address>0x2000947c</load_address>
         <run_address>0x2000947c</run_address>
         <size>0x12a</size>
         <input_file_ref idref="fl-e8"/>
      </object_component>
      <object_component id="oc-66">
         <name>.text</name>
         <load_address>0x200095a6</load_address>
         <run_address>0x200095a6</run_address>
         <size>0x2</size>
         <input_file_ref idref="fl-d9"/>
      </object_component>
      <object_component id="oc-5f0">
         <name>.text:_SlDrvDataReadOp</name>
         <load_address>0x200095a8</load_address>
         <run_address>0x200095a8</run_address>
         <size>0x128</size>
         <input_file_ref idref="fl-ea"/>
      </object_component>
      <object_component id="oc-42c">
         <name>.text:sl_SendTo</name>
         <load_address>0x200096d0</load_address>
         <run_address>0x200096d0</run_address>
         <size>0x118</size>
         <input_file_ref idref="fl-ec"/>
      </object_component>
      <object_component id="oc-38">
         <name>.text</name>
         <load_address>0x200097e8</load_address>
         <run_address>0x200097e8</run_address>
         <size>0x110</size>
         <input_file_ref idref="fl-e3"/>
      </object_component>
      <object_component id="oc-452">
         <name>.text:sl_RecvFrom</name>
         <load_address>0x200098f8</load_address>
         <run_address>0x200098f8</run_address>
         <size>0x10c</size>
         <input_file_ref idref="fl-ec"/>
      </object_component>
      <object_component id="oc-5df">
         <name>.text:_SlDrvDataWriteOp</name>
         <load_address>0x20009a04</load_address>
         <run_address>0x20009a04</run_address>
         <size>0x104</size>
         <input_file_ref idref="fl-ea"/>
      </object_component>
      <object_component id="oc-7d6">
         <name>.text:_SlDrvNetAppEventHandler</name>
         <load_address>0x20009b08</load_address>
         <run_address>0x20009b08</run_address>
         <size>0xfe</size>
         <input_file_ref idref="fl-eb"/>
      </object_component>
      <object_component id="oc-c8">
         <name>.text</name>
         <load_address>0x20009c06</load_address>
         <run_address>0x20009c06</run_address>
         <size>0x2</size>
         <input_file_ref idref="fl-e1"/>
      </object_component>
      <object_component id="oc-14b">
         <name>.text</name>
         <load_address>0x20009c08</load_address>
         <run_address>0x20009c08</run_address>
         <size>0xf8</size>
         <input_file_ref idref="fl-11"/>
      </object_component>
      <object_component id="oc-568">
         <name>.text:_SlDrvDriverCBDeinit</name>
         <load_address>0x20009d00</load_address>
         <run_address>0x20009d00</run_address>
         <size>0xf4</size>
         <input_file_ref idref="fl-ea"/>
      </object_component>
      <object_component id="oc-325">
         <name>.text:uDMAChannelTransferSet</name>
         <load_address>0x20009df4</load_address>
         <run_address>0x20009df4</run_address>
         <size>0xf0</size>
         <input_file_ref idref="fl-f8"/>
      </object_component>
      <object_component id="oc-30b">
         <name>.text:I2SConfigSetExpClk</name>
         <load_address>0x20009ee4</load_address>
         <run_address>0x20009ee4</run_address>
         <size>0xee</size>
         <input_file_ref idref="fl-f1"/>
      </object_component>
      <object_component id="oc-3ed">
         <name>.text:sl_NetAppDnsGetHostByService</name>
         <load_address>0x20009fd4</load_address>
         <run_address>0x20009fd4</run_address>
         <size>0xdc</size>
         <input_file_ref idref="fl-eb"/>
      </object_component>
      <object_component id="oc-7a8">
         <name>.text:spi_Read</name>
         <load_address>0x2000a0b0</load_address>
         <run_address>0x2000a0b0</run_address>
         <size>0xdc</size>
         <input_file_ref idref="fl-ee"/>
      </object_component>
      <object_component id="oc-7a2">
         <name>.text:_SlDrvClassifyRxMsg</name>
         <load_address>0x2000a18c</load_address>
         <run_address>0x2000a18c</run_address>
         <size>0xd8</size>
         <input_file_ref idref="fl-ea"/>
      </object_component>
      <object_component id="oc-19a">
         <name>.text</name>
         <load_address>0x2000a264</load_address>
         <run_address>0x2000a264</run_address>
         <size>0xd8</size>
         <input_file_ref idref="fl-e"/>
      </object_component>
      <object_component id="oc-405">
         <name>.text:sl_Stop</name>
         <load_address>0x2000a33c</load_address>
         <run_address>0x2000a33c</run_address>
         <size>0xd4</size>
         <input_file_ref idref="fl-e9"/>
      </object_component>
      <object_component id="oc-802">
         <name>.text:_sl_HandleAsync_DnsGetHostByService</name>
         <load_address>0x2000a410</load_address>
         <run_address>0x2000a410</run_address>
         <size>0xc8</size>
         <input_file_ref idref="fl-eb"/>
      </object_component>
      <object_component id="oc-169">
         <name>.text</name>
         <load_address>0x2000a4d8</load_address>
         <run_address>0x2000a4d8</run_address>
         <size>0xc4</size>
         <input_file_ref idref="fl-7"/>
      </object_component>
      <object_component id="oc-666">
         <name>.text:_SlRemoveFromList</name>
         <load_address>0x2000a59c</load_address>
         <run_address>0x2000a59c</run_address>
         <size>0xc0</size>
         <input_file_ref idref="fl-ea"/>
      </object_component>
      <object_component id="oc-658">
         <name>.text:_SlDrvMsgReadCmdCtx</name>
         <load_address>0x2000a65c</load_address>
         <run_address>0x2000a65c</run_address>
         <size>0xbc</size>
         <input_file_ref idref="fl-ea"/>
      </object_component>
      <object_component id="oc-40b">
         <name>.text:sl_Start</name>
         <load_address>0x2000a718</load_address>
         <run_address>0x2000a718</run_address>
         <size>0xbc</size>
         <input_file_ref idref="fl-e9"/>
      </object_component>
      <object_component id="oc-33">
         <name>.text</name>
         <load_address>0x2000a7d4</load_address>
         <run_address>0x2000a7d4</run_address>
         <size>0xba</size>
         <input_file_ref idref="fl-e4"/>
      </object_component>
      <object_component id="oc-73e">
         <name>.text:_SlAsyncEventGenericHandler</name>
         <load_address>0x2000a890</load_address>
         <run_address>0x2000a890</run_address>
         <size>0xb8</size>
         <input_file_ref idref="fl-ea"/>
      </object_component>
      <object_component id="oc-505">
         <name>.text:sl_NetAppMDNSRegisterUnregisterService</name>
         <load_address>0x2000a948</load_address>
         <run_address>0x2000a948</run_address>
         <size>0xb4</size>
         <input_file_ref idref="fl-eb"/>
      </object_component>
      <object_component id="oc-38d">
         <name>.text:IntDisable</name>
         <load_address>0x2000a9fc</load_address>
         <run_address>0x2000a9fc</run_address>
         <size>0xa8</size>
         <input_file_ref idref="fl-f2"/>
      </object_component>
      <object_component id="oc-139">
         <name>.text:IntEnable</name>
         <load_address>0x2000aaa4</load_address>
         <run_address>0x2000aaa4</run_address>
         <size>0xa8</size>
         <input_file_ref idref="fl-f2"/>
      </object_component>
      <object_component id="oc-194">
         <name>.text</name>
         <load_address>0x2000ab4c</load_address>
         <run_address>0x2000ab4c</run_address>
         <size>0xa4</size>
         <input_file_ref idref="fl-9"/>
      </object_component>
      <object_component id="oc-6c0">
         <name>.text:SPIConfigSetExpClk</name>
         <load_address>0x2000abf0</load_address>
         <run_address>0x2000abf0</run_address>
         <size>0xa0</size>
         <input_file_ref idref="fl-f5"/>
      </object_component>
      <object_component id="oc-705">
         <name>.text:_SlDrvMsgReadSpawnCtx</name>
         <load_address>0x2000ac90</load_address>
         <run_address>0x2000ac90</run_address>
         <size>0x9c</size>
         <input_file_ref idref="fl-ea"/>
      </object_component>
      <object_component id="oc-145">
         <name>.text</name>
         <load_address>0x2000ad2c</load_address>
         <run_address>0x2000ad2c</run_address>
         <size>0x9c</size>
         <input_file_ref idref="fl-c"/>
      </object_component>
      <object_component id="oc-41">
         <name>.text</name>
         <load_address>0x2000adc8</load_address>
         <run_address>0x2000adc8</run_address>
         <size>0x9c</size>
         <input_file_ref idref="fl-d5"/>
      </object_component>
      <object_component id="oc-6ba">
         <name>.text:PRCMPeripheralClockGet</name>
         <load_address>0x2000ae64</load_address>
         <run_address>0x2000ae64</run_address>
         <size>0x94</size>
         <input_file_ref idref="fl-f4"/>
      </object_component>
      <object_component id="oc-5b4">
         <name>.text:sl_WlanSmartConfigStart</name>
         <load_address>0x2000aef8</load_address>
         <run_address>0x2000aef8</run_address>
         <size>0x90</size>
         <input_file_ref idref="fl-ed"/>
      </object_component>
      <object_component id="oc-7e3">
         <name>.text:SetupDMAReceive</name>
         <load_address>0x2000af88</load_address>
         <run_address>0x2000af88</run_address>
         <size>0x8c</size>
         <input_file_ref idref="fl-ee"/>
      </object_component>
      <object_component id="oc-77b">
         <name>.text:SetupDMASend</name>
         <load_address>0x2000b014</load_address>
         <run_address>0x2000b014</run_address>
         <size>0x8c</size>
         <input_file_ref idref="fl-ee"/>
      </object_component>
      <object_component id="oc-7fc">
         <name>.text:_sl_HandleAsync_DnsGetHostByName</name>
         <load_address>0x2000b0a0</load_address>
         <run_address>0x2000b0a0</run_address>
         <size>0x8c</size>
         <input_file_ref idref="fl-eb"/>
      </object_component>
      <object_component id="oc-7dc">
         <name>.text:_sl_HandleAsync_PingResponse</name>
         <load_address>0x2000b12c</load_address>
         <run_address>0x2000b12c</run_address>
         <size>0x8c</size>
         <input_file_ref idref="fl-eb"/>
      </object_component>
      <object_component id="oc-72e">
         <name>.text:spi_Write</name>
         <load_address>0x2000b1b8</load_address>
         <run_address>0x2000b1b8</run_address>
         <size>0x8c</size>
         <input_file_ref idref="fl-ee"/>
      </object_component>
      <object_component id="oc-47c">
         <name>.text:PinConfigSet</name>
         <load_address>0x2000b244</load_address>
         <run_address>0x2000b244</run_address>
         <size>0x88</size>
         <input_file_ref idref="fl-f3"/>
      </object_component>
      <object_component id="oc-41d">
         <name>.text:sl_Bind</name>
         <load_address>0x2000b2cc</load_address>
         <run_address>0x2000b2cc</run_address>
         <size>0x88</size>
         <input_file_ref idref="fl-ec"/>
      </object_component>
      <object_component id="oc-29d">
         <name>.text:I2CMasterInitExpClk</name>
         <load_address>0x2000b354</load_address>
         <run_address>0x2000b354</run_address>
         <size>0x84</size>
         <input_file_ref idref="fl-f0"/>
      </object_component>
      <object_component id="oc-2e7">
         <name>.text:I2SEnable</name>
         <load_address>0x2000b3d8</load_address>
         <run_address>0x2000b3d8</run_address>
         <size>0x84</size>
         <input_file_ref idref="fl-f1"/>
      </object_component>
      <object_component id="oc-57d">
         <name>.text:NwpPowerOnPreamble</name>
         <load_address>0x2000b45c</load_address>
         <run_address>0x2000b45c</run_address>
         <size>0x84</size>
         <input_file_ref idref="fl-ee"/>
      </object_component>
      <object_component id="oc-2c9">
         <name>.text:GPIOIntTypeSet</name>
         <load_address>0x2000b4e0</load_address>
         <run_address>0x2000b4e0</run_address>
         <size>0x82</size>
         <input_file_ref idref="fl-ef"/>
      </object_component>
      <object_component id="oc-526">
         <name>.text:_SlDrvCmdOp</name>
         <load_address>0x2000b564</load_address>
         <run_address>0x2000b564</run_address>
         <size>0x80</size>
         <input_file_ref idref="fl-ea"/>
      </object_component>
      <object_component id="oc-7e9">
         <name>.text:spi_Read_CPU</name>
         <load_address>0x2000b5e4</load_address>
         <run_address>0x2000b5e4</run_address>
         <size>0x80</size>
         <input_file_ref idref="fl-ee"/>
      </object_component>
      <object_component id="oc-78d">
         <name>.text:spi_Write_CPU</name>
         <load_address>0x2000b664</load_address>
         <run_address>0x2000b664</run_address>
         <size>0x80</size>
         <input_file_ref idref="fl-ee"/>
      </object_component>
      <object_component id="oc-7c8">
         <name>.text:_sl_HandleAsync_InitComplete</name>
         <load_address>0x2000b6e4</load_address>
         <run_address>0x2000b6e4</run_address>
         <size>0x7c</size>
         <input_file_ref idref="fl-e9"/>
      </object_component>
      <object_component id="oc-5a">
         <name>.text</name>
         <load_address>0x2000b760</load_address>
         <run_address>0x2000b760</run_address>
         <size>0x7a</size>
         <input_file_ref idref="fl-d8"/>
      </object_component>
      <object_component id="oc-81e">
         <name>.text:_sl_HandleAsync_Connect</name>
         <load_address>0x2000b7dc</load_address>
         <run_address>0x2000b7dc</run_address>
         <size>0x78</size>
         <input_file_ref idref="fl-ec"/>
      </object_component>
      <object_component id="oc-562">
         <name>.text:spi_Close</name>
         <load_address>0x2000b854</load_address>
         <run_address>0x2000b854</run_address>
         <size>0x78</size>
         <input_file_ref idref="fl-ee"/>
      </object_component>
      <object_component id="oc-72">
         <name>.text</name>
         <load_address>0x2000b8cc</load_address>
         <run_address>0x2000b8cc</run_address>
         <size>0x70</size>
         <input_file_ref idref="fl-df"/>
      </object_component>
      <object_component id="oc-830">
         <name>.text:_SlDrvCmdSend</name>
         <load_address>0x2000b93c</load_address>
         <run_address>0x2000b93c</run_address>
         <size>0x6c</size>
         <input_file_ref idref="fl-ea"/>
      </object_component>
      <object_component id="oc-4d">
         <name>.text</name>
         <load_address>0x2000b9a8</load_address>
         <run_address>0x2000b9a8</run_address>
         <size>0x6a</size>
         <input_file_ref idref="fl-d2"/>
      </object_component>
      <object_component id="oc-808">
         <name>.text:_sl_NetAppSendTokenValue</name>
         <load_address>0x2000ba14</load_address>
         <run_address>0x2000ba14</run_address>
         <size>0x68</size>
         <input_file_ref idref="fl-eb"/>
      </object_component>
      <object_component id="oc-34f">
         <name>.text:uDMAChannelAttributeDisable</name>
         <load_address>0x2000ba7c</load_address>
         <run_address>0x2000ba7c</run_address>
         <size>0x64</size>
         <input_file_ref idref="fl-f8"/>
      </object_component>
      <object_component id="oc-31f">
         <name>.text:uDMAChannelAttributeEnable</name>
         <load_address>0x2000bae0</load_address>
         <run_address>0x2000bae0</run_address>
         <size>0x64</size>
         <input_file_ref idref="fl-f8"/>
      </object_component>
      <object_component id="oc-818">
         <name>.text:_sl_HandleAsync_Accept</name>
         <load_address>0x2000bb44</load_address>
         <run_address>0x2000bb44</run_address>
         <size>0x60</size>
         <input_file_ref idref="fl-ec"/>
      </object_component>
      <object_component id="oc-5ae">
         <name>.text:sl_WlanPolicySet</name>
         <load_address>0x2000bba4</load_address>
         <run_address>0x2000bba4</run_address>
         <size>0x60</size>
         <input_file_ref idref="fl-ed"/>
      </object_component>
      <object_component id="oc-305">
         <name>.text:PRCMI2SClockFreqSet</name>
         <load_address>0x2000bc04</load_address>
         <run_address>0x2000bc04</run_address>
         <size>0x5c</size>
         <input_file_ref idref="fl-f4"/>
      </object_component>
      <object_component id="oc-417">
         <name>.text:sl_Socket</name>
         <load_address>0x2000bc60</load_address>
         <run_address>0x2000bc60</run_address>
         <size>0x5c</size>
         <input_file_ref idref="fl-ec"/>
      </object_component>
      <object_component id="oc-3af">
         <name>.text:IntPendClear</name>
         <load_address>0x2000bcbc</load_address>
         <run_address>0x2000bcbc</run_address>
         <size>0x58</size>
         <input_file_ref idref="fl-f2"/>
      </object_component>
      <object_component id="oc-213">
         <name>.text:PRCMPeripheralReset</name>
         <load_address>0x2000bd14</load_address>
         <run_address>0x2000bd14</run_address>
         <size>0x58</size>
         <input_file_ref idref="fl-f4"/>
      </object_component>
      <object_component id="oc-387">
         <name>.text:IntPrioritySet</name>
         <load_address>0x2000bd6c</load_address>
         <run_address>0x2000bd6c</run_address>
         <size>0x54</size>
         <input_file_ref idref="fl-f2"/>
      </object_component>
      <object_component id="oc-824">
         <name>.text:_sl_HandleAsync_Select</name>
         <load_address>0x2000bdc0</load_address>
         <run_address>0x2000bdc0</run_address>
         <size>0x54</size>
         <input_file_ref idref="fl-ec"/>
      </object_component>
      <object_component id="oc-7e">
         <name>.text</name>
         <load_address>0x2000be14</load_address>
         <run_address>0x2000be14</run_address>
         <size>0x54</size>
         <input_file_ref idref="fl-d4"/>
      </object_component>
      <object_component id="oc-7ce">
         <name>.text:_sl_HandleAsync_Stop</name>
         <load_address>0x2000be68</load_address>
         <run_address>0x2000be68</run_address>
         <size>0x50</size>
         <input_file_ref idref="fl-e9"/>
      </object_component>
      <object_component id="oc-411">
         <name>.text</name>
         <load_address>0x2000beb8</load_address>
         <run_address>0x2000beb8</run_address>
         <size>0x50</size>
         <input_file_ref idref="fl-d"/>
      </object_component>
      <object_component id="oc-6e4">
         <name>.text:SPIIntEnable</name>
         <load_address>0x2000bf08</load_address>
         <run_address>0x2000bf08</run_address>
         <size>0x4c</size>
         <input_file_ref idref="fl-f5"/>
      </object_component>
      <object_component id="oc-520">
         <name>.text:_SlDrvProtectAsyncRespSetting</name>
         <load_address>0x2000bf54</load_address>
         <run_address>0x2000bf54</run_address>
         <size>0x4c</size>
         <input_file_ref idref="fl-ea"/>
      </object_component>
      <object_component id="oc-59b">
         <name>.text:_SlDrvRxIrqHandler</name>
         <load_address>0x2000bfa0</load_address>
         <run_address>0x2000bfa0</run_address>
         <size>0x4c</size>
         <input_file_ref idref="fl-ea"/>
      </object_component>
      <object_component id="oc-5c4">
         <name>.text:_sl_BuildAddress</name>
         <load_address>0x2000bfec</load_address>
         <run_address>0x2000bfec</run_address>
         <size>0x4c</size>
         <input_file_ref idref="fl-ec"/>
      </object_component>
      <object_component id="oc-c2">
         <name>.text</name>
         <load_address>0x2000c038</load_address>
         <run_address>0x2000c038</run_address>
         <size>0x4c</size>
         <input_file_ref idref="fl-e0"/>
      </object_component>
      <object_component id="oc-349">
         <name>.text:uDMAChannelAssign</name>
         <load_address>0x2000c084</load_address>
         <run_address>0x2000c084</run_address>
         <size>0x4c</size>
         <input_file_ref idref="fl-f8"/>
      </object_component>
      <object_component id="oc-76a">
         <name>.text:SPIIntClear</name>
         <load_address>0x2000c0d0</load_address>
         <run_address>0x2000c0d0</run_address>
         <size>0x48</size>
         <input_file_ref idref="fl-f5"/>
      </object_component>
      <object_component id="oc-70c">
         <name>.text:_SlDrvBasicCmd</name>
         <load_address>0x2000c118</load_address>
         <run_address>0x2000c118</run_address>
         <size>0x48</size>
         <input_file_ref idref="fl-ea"/>
      </object_component>
      <object_component id="oc-311">
         <name>.text:I2SSerializerConfig</name>
         <load_address>0x2000c160</load_address>
         <run_address>0x2000c160</run_address>
         <size>0x44</size>
         <input_file_ref idref="fl-f1"/>
      </object_component>
      <object_component id="oc-760">
         <name>.text:SPIDmaMaskGet</name>
         <load_address>0x2000c1a4</load_address>
         <run_address>0x2000c1a4</run_address>
         <size>0x44</size>
         <input_file_ref idref="fl-f5"/>
      </object_component>
      <object_component id="oc-7be">
         <name>.text:cc_SetupTransfer</name>
         <load_address>0x2000c1e8</load_address>
         <run_address>0x2000c1e8</run_address>
         <size>0x44</size>
         <input_file_ref idref="fl-ee"/>
      </object_component>
      <object_component id="oc-3f3">
         <name>.text:sl_Htonl</name>
         <load_address>0x2000c22c</load_address>
         <run_address>0x2000c22c</run_address>
         <size>0x42</size>
         <input_file_ref idref="fl-ec"/>
      </object_component>
      <object_component id="oc-2ed">
         <name>.text:I2SIntEnable</name>
         <load_address>0x2000c270</load_address>
         <run_address>0x2000c270</run_address>
         <size>0x40</size>
         <input_file_ref idref="fl-f1"/>
      </object_component>
      <object_component id="oc-476">
         <name>.text:PinModeSet</name>
         <load_address>0x2000c2b0</load_address>
         <run_address>0x2000c2b0</run_address>
         <size>0x40</size>
         <input_file_ref idref="fl-f3"/>
      </object_component>
      <object_component id="oc-24">
         <name>.text</name>
         <load_address>0x2000c2f0</load_address>
         <run_address>0x2000c2f0</run_address>
         <size>0x40</size>
         <input_file_ref idref="fl-d0"/>
      </object_component>
      <object_component id="oc-80f">
         <name>.text:CopyPingResultsToReport</name>
         <load_address>0x2000c330</load_address>
         <run_address>0x2000c330</run_address>
         <size>0x3c</size>
         <input_file_ref idref="fl-eb"/>
      </object_component>
      <object_component id="oc-20d">
         <name>.text:PRCMPeripheralClkEnable</name>
         <load_address>0x2000c36c</load_address>
         <run_address>0x2000c36c</run_address>
         <size>0x3c</size>
         <input_file_ref idref="fl-f4"/>
      </object_component>
      <object_component id="oc-5d9">
         <name>.text:_sl_TruncatePayloadByProtocol</name>
         <load_address>0x2000c3a8</load_address>
         <run_address>0x2000c3a8</run_address>
         <size>0x3c</size>
         <input_file_ref idref="fl-ec"/>
      </object_component>
      <object_component id="oc-3f9">
         <name>.text:sl_Htons</name>
         <load_address>0x2000c3e4</load_address>
         <run_address>0x2000c3e4</run_address>
         <size>0x3c</size>
         <input_file_ref idref="fl-ec"/>
      </object_component>
      <object_component id="oc-3a9">
         <name>.text:sl_NetAppMDNSRegisterService</name>
         <load_address>0x2000c420</load_address>
         <run_address>0x2000c420</run_address>
         <size>0x3c</size>
         <input_file_ref idref="fl-eb"/>
      </object_component>
      <object_component id="oc-319">
         <name>.text:uDMAChannelControlSet</name>
         <load_address>0x2000c45c</load_address>
         <run_address>0x2000c45c</run_address>
         <size>0x3c</size>
         <input_file_ref idref="fl-f8"/>
      </object_component>
      <object_component id="oc-36c">
         <name>.text:I2SIntClear</name>
         <load_address>0x2000c498</load_address>
         <run_address>0x2000c498</run_address>
         <size>0x38</size>
         <input_file_ref idref="fl-f1"/>
      </object_component>
      <object_component id="oc-55c">
         <name>.text:NwpPowerOff</name>
         <load_address>0x2000c4d0</load_address>
         <run_address>0x2000c4d0</run_address>
         <size>0x38</size>
         <input_file_ref idref="fl-ee"/>
      </object_component>
      <object_component id="oc-ff">
         <name>.text</name>
         <load_address>0x2000c508</load_address>
         <run_address>0x2000c508</run_address>
         <size>0x38</size>
         <input_file_ref idref="fl-e7"/>
      </object_component>
      <object_component id="oc-23e">
         <name>.text:GPIODirModeSet</name>
         <load_address>0x2000c540</load_address>
         <run_address>0x2000c540</run_address>
         <size>0x36</size>
         <input_file_ref idref="fl-ef"/>
      </object_component>
      <object_component id="oc-3a3">
         <name>.text:sl_NetAppMDNSUnRegisterService</name>
         <load_address>0x2000c576</load_address>
         <run_address>0x2000c576</run_address>
         <size>0x36</size>
         <input_file_ref idref="fl-eb"/>
      </object_component>
      <object_component id="oc-6c6">
         <name>.text:PRCMPeripheralStatusGet</name>
         <load_address>0x2000c5ac</load_address>
         <run_address>0x2000c5ac</run_address>
         <size>0x34</size>
         <input_file_ref idref="fl-f4"/>
      </object_component>
      <object_component id="oc-6de">
         <name>.text:SPIFIFOLevelSet</name>
         <load_address>0x2000c5e0</load_address>
         <run_address>0x2000c5e0</run_address>
         <size>0x34</size>
         <input_file_ref idref="fl-f5"/>
      </object_component>
      <object_component id="oc-238">
         <name>.text:PinTypeGPIO</name>
         <load_address>0x2000c614</load_address>
         <run_address>0x2000c614</run_address>
         <size>0x30</size>
         <input_file_ref idref="fl-f3"/>
      </object_component>
      <object_component id="oc-794">
         <name>.text:_SlDrvDeviceEventHandler</name>
         <load_address>0x2000c644</load_address>
         <run_address>0x2000c644</run_address>
         <size>0x30</size>
         <input_file_ref idref="fl-e9"/>
      </object_component>
      <object_component id="oc-5a8">
         <name>.text:sl_WlanProfileDel</name>
         <load_address>0x2000c674</load_address>
         <run_address>0x2000c674</run_address>
         <size>0x30</size>
         <input_file_ref idref="fl-ed"/>
      </object_component>
      <object_component id="oc-3ff">
         <name>.text:sl_WlanSetMode</name>
         <load_address>0x2000c6a4</load_address>
         <run_address>0x2000c6a4</run_address>
         <size>0x30</size>
         <input_file_ref idref="fl-ed"/>
      </object_component>
      <object_component id="oc-6f3">
         <name>.text:DmaSpiSwIntHandler</name>
         <load_address>0x2000c6d4</load_address>
         <run_address>0x2000c6d4</run_address>
         <size>0x2c</size>
         <input_file_ref idref="fl-ee"/>
      </object_component>
      <object_component id="oc-285">
         <name>.text:I2CMasterErr</name>
         <load_address>0x2000c700</load_address>
         <run_address>0x2000c700</run_address>
         <size>0x2c</size>
         <input_file_ref idref="fl-f0"/>
      </object_component>
      <object_component id="oc-58f">
         <name>.text:NwpPowerOn</name>
         <load_address>0x2000c72c</load_address>
         <run_address>0x2000c72c</run_address>
         <size>0x2c</size>
         <input_file_ref idref="fl-ee"/>
      </object_component>
      <object_component id="oc-21f">
         <name>.text:PRCMSysResetCauseGet</name>
         <load_address>0x2000c758</load_address>
         <run_address>0x2000c758</run_address>
         <size>0x2c</size>
         <input_file_ref idref="fl-f4"/>
      </object_component>
      <object_component id="oc-4bd">
         <name>.text:I2SGBLEnable</name>
         <load_address>0x2000c784</load_address>
         <run_address>0x2000c784</run_address>
         <size>0x2a</size>
         <input_file_ref idref="fl-f1"/>
      </object_component>
      <object_component id="oc-2f9">
         <name>.text:I2SRxFIFOEnable</name>
         <load_address>0x2000c7ae</load_address>
         <run_address>0x2000c7ae</run_address>
         <size>0x2a</size>
         <input_file_ref idref="fl-f1"/>
      </object_component>
      <object_component id="oc-2ff">
         <name>.text:I2STxFIFOEnable</name>
         <load_address>0x2000c7d8</load_address>
         <run_address>0x2000c7d8</run_address>
         <size>0x2a</size>
         <input_file_ref idref="fl-f1"/>
      </object_component>
      <object_component id="oc-219">
         <name>.text:PRCMPeripheralClkDisable</name>
         <load_address>0x2000c804</load_address>
         <run_address>0x2000c804</run_address>
         <size>0x28</size>
         <input_file_ref idref="fl-f4"/>
      </object_component>
      <object_component id="oc-44c">
         <name>.text:SL_FD_ISSET</name>
         <load_address>0x2000c82c</load_address>
         <run_address>0x2000c82c</run_address>
         <size>0x28</size>
         <input_file_ref idref="fl-ec"/>
      </object_component>
      <object_component id="oc-556">
         <name>.text:NwpRegisterInterruptHandler</name>
         <load_address>0x2000c854</load_address>
         <run_address>0x2000c854</run_address>
         <size>0x26</size>
         <input_file_ref idref="fl-ee"/>
      </object_component>
      <object_component id="oc-393">
         <name>.text:IntUnregister</name>
         <load_address>0x2000c87c</load_address>
         <run_address>0x2000c87c</run_address>
         <size>0x24</size>
         <input_file_ref idref="fl-f2"/>
      </object_component>
      <object_component id="oc-63f">
         <name>.text:_SlDrvProtectionObjLockWaitForever</name>
         <load_address>0x2000c8a0</load_address>
         <run_address>0x2000c8a0</run_address>
         <size>0x24</size>
         <input_file_ref idref="fl-ea"/>
      </object_component>
      <object_component id="oc-24b">
         <name>.text</name>
         <load_address>0x2000c8c4</load_address>
         <run_address>0x2000c8c4</run_address>
         <size>0x24</size>
         <input_file_ref idref="fl-d6"/>
      </object_component>
      <object_component id="oc-3b5">
         <name>.text:GPIOIntStatus</name>
         <load_address>0x2000c8e8</load_address>
         <run_address>0x2000c8e8</run_address>
         <size>0x22</size>
         <input_file_ref idref="fl-ef"/>
      </object_component>
      <object_component id="oc-28b">
         <name>.text:I2CMasterSlaveAddrSet</name>
         <load_address>0x2000c90a</load_address>
         <run_address>0x2000c90a</run_address>
         <size>0x22</size>
         <input_file_ref idref="fl-f0"/>
      </object_component>
      <object_component id="oc-440">
         <name>.text:SL_FD_SET</name>
         <load_address>0x2000c92c</load_address>
         <run_address>0x2000c92c</run_address>
         <size>0x22</size>
         <input_file_ref idref="fl-ec"/>
      </object_component>
      <object_component id="oc-6a4">
         <name>.text:SPIReset</name>
         <load_address>0x2000c94e</load_address>
         <run_address>0x2000c94e</run_address>
         <size>0x22</size>
         <input_file_ref idref="fl-f5"/>
      </object_component>
      <object_component id="oc-787">
         <name>.text:SPIWordCountSet</name>
         <load_address>0x2000c970</load_address>
         <run_address>0x2000c970</run_address>
         <size>0x22</size>
         <input_file_ref idref="fl-f5"/>
      </object_component>
      <object_component id="oc-2bd">
         <name>.text:GPIOPinWrite</name>
         <load_address>0x2000c992</load_address>
         <run_address>0x2000c992</run_address>
         <size>0x20</size>
         <input_file_ref idref="fl-ef"/>
      </object_component>
      <object_component id="oc-381">
         <name>.text:IntRegister</name>
         <load_address>0x2000c9b4</load_address>
         <run_address>0x2000c9b4</run_address>
         <size>0x20</size>
         <input_file_ref idref="fl-f2"/>
      </object_component>
      <object_component id="oc-645">
         <name>.text:_SlDrvProtectionObjUnLock</name>
         <load_address>0x2000c9d4</load_address>
         <run_address>0x2000c9d4</run_address>
         <size>0x20</size>
         <input_file_ref idref="fl-ea"/>
      </object_component>
      <object_component id="oc-26d">
         <name>.text:I2CMasterIntStatusEx</name>
         <load_address>0x2000c9f4</load_address>
         <run_address>0x2000c9f4</run_address>
         <size>0x1e</size>
         <input_file_ref idref="fl-f0"/>
      </object_component>
      <object_component id="oc-25d">
         <name>.text:UARTCharPut</name>
         <load_address>0x2000ca12</load_address>
         <run_address>0x2000ca12</run_address>
         <size>0x1e</size>
         <input_file_ref idref="fl-f7"/>
      </object_component>
      <object_component id="oc-6cc">
         <name>.text:cc_UDMAChannelSelect</name>
         <load_address>0x2000ca30</load_address>
         <run_address>0x2000ca30</run_address>
         <size>0x1e</size>
         <input_file_ref idref="fl-ee"/>
      </object_component>
      <object_component id="oc-4ce">
         <name>.text</name>
         <load_address>0x2000ca4e</load_address>
         <run_address>0x2000ca4e</run_address>
         <size>0x1e</size>
         <input_file_ref idref="fl-fd"/>
      </object_component>
      <object_component id="oc-232">
         <name>.text:PinTypeI2C</name>
         <load_address>0x2000ca6c</load_address>
         <run_address>0x2000ca6c</run_address>
         <size>0x1c</size>
         <input_file_ref idref="fl-f3"/>
      </object_component>
      <object_component id="oc-257">
         <name>.text:UARTCharGetNonBlocking</name>
         <load_address>0x2000ca88</load_address>
         <run_address>0x2000ca88</run_address>
         <size>0x1c</size>
         <input_file_ref idref="fl-f7"/>
      </object_component>
      <object_component id="oc-64c">
         <name>.text:_SlDrvObjLockWaitForever</name>
         <load_address>0x2000caa4</load_address>
         <run_address>0x2000caa4</run_address>
         <size>0x1c</size>
         <input_file_ref idref="fl-ea"/>
      </object_component>
      <object_component id="oc-52c">
         <name>.text:_SlDrvSyncObjWaitForever</name>
         <load_address>0x2000cac0</load_address>
         <run_address>0x2000cac0</run_address>
         <size>0x1c</size>
         <input_file_ref idref="fl-ea"/>
      </object_component>
      <object_component id="oc-32b">
         <name>.text:uDMAChannelEnable</name>
         <load_address>0x2000cadc</load_address>
         <run_address>0x2000cadc</run_address>
         <size>0x1c</size>
         <input_file_ref idref="fl-f8"/>
      </object_component>
      <object_component id="oc-3bb">
         <name>.text:GPIOIntDisable</name>
         <load_address>0x2000caf8</load_address>
         <run_address>0x2000caf8</run_address>
         <size>0x1a</size>
         <input_file_ref idref="fl-ef"/>
      </object_component>
      <object_component id="oc-2d5">
         <name>.text:GPIOIntEnable</name>
         <load_address>0x2000cb12</load_address>
         <run_address>0x2000cb12</run_address>
         <size>0x1a</size>
         <input_file_ref idref="fl-ef"/>
      </object_component>
      <object_component id="oc-226">
         <name>.text:PinTypeI2S</name>
         <load_address>0x2000cb2c</load_address>
         <run_address>0x2000cb2c</run_address>
         <size>0x1a</size>
         <input_file_ref idref="fl-f3"/>
      </object_component>
      <object_component id="oc-22c">
         <name>.text:PinTypeUART</name>
         <load_address>0x2000cb46</load_address>
         <run_address>0x2000cb46</run_address>
         <size>0x1a</size>
         <input_file_ref idref="fl-f3"/>
      </object_component>
      <object_component id="oc-692">
         <name>.text:SPIDmaDisable</name>
         <load_address>0x2000cb60</load_address>
         <run_address>0x2000cb60</run_address>
         <size>0x1a</size>
         <input_file_ref idref="fl-f5"/>
      </object_component>
      <object_component id="oc-6d8">
         <name>.text:SPIDmaEnable</name>
         <load_address>0x2000cb7a</load_address>
         <run_address>0x2000cb7a</run_address>
         <size>0x1a</size>
         <input_file_ref idref="fl-f5"/>
      </object_component>
      <object_component id="oc-68c">
         <name>.text:SPIFIFODisable</name>
         <load_address>0x2000cb94</load_address>
         <run_address>0x2000cb94</run_address>
         <size>0x1a</size>
         <input_file_ref idref="fl-f5"/>
      </object_component>
      <object_component id="oc-6d2">
         <name>.text:SPIFIFOEnable</name>
         <load_address>0x2000cbae</load_address>
         <run_address>0x2000cbae</run_address>
         <size>0x1a</size>
         <input_file_ref idref="fl-f5"/>
      </object_component>
      <object_component id="oc-2c3">
         <name>.text:GPIOPinRead</name>
         <load_address>0x2000cbc8</load_address>
         <run_address>0x2000cbc8</run_address>
         <size>0x18</size>
         <input_file_ref idref="fl-ef"/>
      </object_component>
      <object_component id="oc-698">
         <name>.text:SPICSDisable</name>
         <load_address>0x2000cbe0</load_address>
         <run_address>0x2000cbe0</run_address>
         <size>0x18</size>
         <input_file_ref idref="fl-f5"/>
      </object_component>
      <object_component id="oc-781">
         <name>.text:SPICSEnable</name>
         <load_address>0x2000cbf8</load_address>
         <run_address>0x2000cbf8</run_address>
         <size>0x18</size>
         <input_file_ref idref="fl-f5"/>
      </object_component>
      <object_component id="oc-69e">
         <name>.text:SPIDisable</name>
         <load_address>0x2000cc10</load_address>
         <run_address>0x2000cc10</run_address>
         <size>0x18</size>
         <input_file_ref idref="fl-f5"/>
      </object_component>
      <object_component id="oc-6ea">
         <name>.text:SPIEnable</name>
         <load_address>0x2000cc28</load_address>
         <run_address>0x2000cc28</run_address>
         <size>0x18</size>
         <input_file_ref idref="fl-f5"/>
      </object_component>
      <object_component id="oc-251">
         <name>.text:UARTCharsAvail</name>
         <load_address>0x2000cc40</load_address>
         <run_address>0x2000cc40</run_address>
         <size>0x18</size>
         <input_file_ref idref="fl-f7"/>
      </object_component>
      <object_component id="oc-65e">
         <name>.text:_SlDrvObjUnLock</name>
         <load_address>0x2000cc58</load_address>
         <run_address>0x2000cc58</run_address>
         <size>0x18</size>
         <input_file_ref idref="fl-ea"/>
      </object_component>
      <object_component id="oc-66c">
         <name>.text:_SlDrvSyncObjSignal</name>
         <load_address>0x2000cc70</load_address>
         <run_address>0x2000cc70</run_address>
         <size>0x18</size>
         <input_file_ref idref="fl-ea"/>
      </object_component>
      <object_component id="oc-595">
         <name>.text:_sl_GetStartResponseConvert</name>
         <load_address>0x2000cc88</load_address>
         <run_address>0x2000cc88</run_address>
         <size>0x18</size>
         <input_file_ref idref="fl-e9"/>
      </object_component>
      <object_component id="oc-78">
         <name>.text</name>
         <load_address>0x2000cca0</load_address>
         <run_address>0x2000cca0</run_address>
         <size>0x18</size>
         <input_file_ref idref="fl-de"/>
      </object_component>
      <object_component id="oc-291">
         <name>.text:I2CMasterDataPut</name>
         <load_address>0x2000ccb8</load_address>
         <run_address>0x2000ccb8</run_address>
         <size>0x16</size>
         <input_file_ref idref="fl-f0"/>
      </object_component>
      <object_component id="oc-49a">
         <name>.text:I2CMasterEnable</name>
         <load_address>0x2000ccce</load_address>
         <run_address>0x2000ccce</run_address>
         <size>0x16</size>
         <input_file_ref idref="fl-f0"/>
      </object_component>
      <object_component id="oc-2f3">
         <name>.text:I2SIntRegister</name>
         <load_address>0x2000cce4</load_address>
         <run_address>0x2000cce4</run_address>
         <size>0x16</size>
         <input_file_ref idref="fl-f1"/>
      </object_component>
      <object_component id="oc-201">
         <name>.text:PRCMHIBRegRead</name>
         <load_address>0x2000ccfa</load_address>
         <run_address>0x2000ccfa</run_address>
         <size>0x16</size>
         <input_file_ref idref="fl-f4"/>
      </object_component>
      <object_component id="oc-207">
         <name>.text:PRCMHIBRegWrite</name>
         <load_address>0x2000cd10</load_address>
         <run_address>0x2000cd10</run_address>
         <size>0x16</size>
         <input_file_ref idref="fl-f4"/>
      </object_component>
      <object_component id="oc-623">
         <name>.text:_SlDrvMemZero</name>
         <load_address>0x2000cd26</load_address>
         <run_address>0x2000cd26</run_address>
         <size>0x16</size>
         <input_file_ref idref="fl-ea"/>
      </object_component>
      <object_component id="oc-1f1">
         <name>.text:CPUcpsie</name>
         <load_address>0x2000cd3c</load_address>
         <run_address>0x2000cd3c</run_address>
         <size>0x14</size>
         <input_file_ref idref="fl-fb"/>
      </object_component>
      <object_component id="oc-2cf">
         <name>.text:GPIOIntClear</name>
         <load_address>0x2000cd50</load_address>
         <run_address>0x2000cd50</run_address>
         <size>0x14</size>
         <input_file_ref idref="fl-ef"/>
      </object_component>
      <object_component id="oc-12d">
         <name>.text:IntVTableBaseSet</name>
         <load_address>0x2000cd64</load_address>
         <run_address>0x2000cd64</run_address>
         <size>0x14</size>
         <input_file_ref idref="fl-f2"/>
      </object_component>
      <object_component id="oc-1aa">
         <name>.text</name>
         <load_address>0x2000cd78</load_address>
         <run_address>0x2000cd78</run_address>
         <size>0x14</size>
         <input_file_ref idref="fl-dd"/>
      </object_component>
      <object_component id="oc-245">
         <name>.text</name>
         <load_address>0x2000cd8c</load_address>
         <run_address>0x2000cd8c</run_address>
         <size>0x14</size>
         <input_file_ref idref="fl-dc"/>
      </object_component>
      <object_component id="oc-337">
         <name>.text:uDMAControlBaseSet</name>
         <load_address>0x2000cda0</load_address>
         <run_address>0x2000cda0</run_address>
         <size>0x14</size>
         <input_file_ref idref="fl-f8"/>
      </object_component>
      <object_component id="oc-35b">
         <name>.text:uDMAIntClear</name>
         <load_address>0x2000cdb4</load_address>
         <run_address>0x2000cdb4</run_address>
         <size>0x14</size>
         <input_file_ref idref="fl-f8"/>
      </object_component>
      <object_component id="oc-27f">
         <name>.text:I2CMasterControl</name>
         <load_address>0x2000cdc8</load_address>
         <run_address>0x2000cdc8</run_address>
         <size>0x12</size>
         <input_file_ref idref="fl-f0"/>
      </object_component>
      <object_component id="oc-273">
         <name>.text:I2CMasterIntClearEx</name>
         <load_address>0x2000cdda</load_address>
         <run_address>0x2000cdda</run_address>
         <size>0x12</size>
         <input_file_ref idref="fl-f0"/>
      </object_component>
      <object_component id="oc-279">
         <name>.text:I2CMasterTimeoutSet</name>
         <load_address>0x2000cdec</load_address>
         <run_address>0x2000cdec</run_address>
         <size>0x12</size>
         <input_file_ref idref="fl-f0"/>
      </object_component>
      <object_component id="oc-33d">
         <name>.text:uDMAIntUnregister</name>
         <load_address>0x2000cdfe</load_address>
         <run_address>0x2000cdfe</run_address>
         <size>0x12</size>
         <input_file_ref idref="fl-f8"/>
      </object_component>
      <object_component id="oc-43a">
         <name>.text:SL_FD_ZERO</name>
         <load_address>0x2000ce10</load_address>
         <run_address>0x2000ce10</run_address>
         <size>0x10</size>
         <input_file_ref idref="fl-ec"/>
      </object_component>
      <object_component id="oc-297">
         <name>.text:I2CMasterDataGet</name>
         <load_address>0x2000ce20</load_address>
         <run_address>0x2000ce20</run_address>
         <size>0xe</size>
         <input_file_ref idref="fl-f0"/>
      </object_component>
      <object_component id="oc-51a">
         <name>.text:_SlDrvResetCmdExt</name>
         <load_address>0x2000ce2e</load_address>
         <run_address>0x2000ce2e</run_address>
         <size>0xe</size>
         <input_file_ref idref="fl-ea"/>
      </object_component>
      <object_component id="oc-12">
         <name>.text:decompress:none</name>
         <load_address>0x2000ce3c</load_address>
         <run_address>0x2000ce3c</run_address>
         <size>0xe</size>
         <input_file_ref idref="fl-d1"/>
      </object_component>
      <object_component id="oc-2d">
         <name>.text</name>
         <load_address>0x2000ce4a</load_address>
         <run_address>0x2000ce4a</run_address>
         <size>0xe</size>
         <input_file_ref idref="fl-f"/>
      </object_component>
      <object_component id="oc-685">
         <name>.text:NwpMaskInterrupt</name>
         <load_address>0x2000ce58</load_address>
         <run_address>0x2000ce58</run_address>
         <size>0xc</size>
         <input_file_ref idref="fl-ee"/>
      </object_component>
      <object_component id="oc-6fa">
         <name>.text:NwpUnMaskInterrupt</name>
         <load_address>0x2000ce64</load_address>
         <run_address>0x2000ce64</run_address>
         <size>0xc</size>
         <input_file_ref idref="fl-ee"/>
      </object_component>
      <object_component id="oc-5a2">
         <name>.text:sl_WlanSmartConfigStop</name>
         <load_address>0x2000ce70</load_address>
         <run_address>0x2000ce70</run_address>
         <size>0xc</size>
         <input_file_ref idref="fl-ed"/>
      </object_component>
      <object_component id="oc-372">
         <name>.text:uDMAControlBaseGet</name>
         <load_address>0x2000ce7c</load_address>
         <run_address>0x2000ce7c</run_address>
         <size>0xc</size>
         <input_file_ref idref="fl-f8"/>
      </object_component>
      <object_component id="oc-343">
         <name>.text:uDMADisable</name>
         <load_address>0x2000ce88</load_address>
         <run_address>0x2000ce88</run_address>
         <size>0xc</size>
         <input_file_ref idref="fl-f8"/>
      </object_component>
      <object_component id="oc-331">
         <name>.text:uDMAEnable</name>
         <load_address>0x2000ce94</load_address>
         <run_address>0x2000ce94</run_address>
         <size>0xc</size>
         <input_file_ref idref="fl-f8"/>
      </object_component>
      <object_component id="oc-355">
         <name>.text:uDMAIntStatus</name>
         <load_address>0x2000cea0</load_address>
         <run_address>0x2000cea0</run_address>
         <size>0xc</size>
         <input_file_ref idref="fl-f8"/>
      </object_component>
      <object_component id="oc-133">
         <name>.text:IntMasterEnable</name>
         <load_address>0x2000ceac</load_address>
         <run_address>0x2000ceac</run_address>
         <size>0xa</size>
         <input_file_ref idref="fl-f2"/>
      </object_component>
      <object_component id="oc-2b1">
         <name>.text:UtilsDelay</name>
         <load_address>0x2000ceb6</load_address>
         <run_address>0x2000ceb6</run_address>
         <size>0x6</size>
         <input_file_ref idref="fl-f9"/>
      </object_component>
      <object_component id="oc-18">
         <name>.text:decompress:rle24</name>
         <load_address>0x2000cebc</load_address>
         <run_address>0x2000cebc</run_address>
         <size>0x6</size>
         <input_file_ref idref="fl-d2"/>
      </object_component>
      <object_component id="oc-6c">
         <name>.text</name>
         <load_address>0x2000cec2</load_address>
         <run_address>0x2000cec2</run_address>
         <size>0x4</size>
         <input_file_ref idref="fl-da"/>
      </object_component>
      <object_component id="oc-60d">
         <name>.const:g_ulPinToPadMap</name>
         <load_address>0x2000cec8</load_address>
         <run_address>0x2000cec8</run_address>
         <size>0x100</size>
         <input_file_ref idref="fl-f3"/>
      </object_component>
      <object_component id="oc-4f3">
         <name>.const:g_pulRegs</name>
         <load_address>0x2000cfc8</load_address>
         <run_address>0x2000cfc8</run_address>
         <size>0xd4</size>
         <input_file_ref idref="fl-f2"/>
      </object_component>
      <object_component id="oc-46e">
         <name>.const:PRCM_PeriphRegsList</name>
         <load_address>0x2000d09c</load_address>
         <run_address>0x2000d09c</run_address>
         <size>0xa8</size>
         <input_file_ref idref="fl-f4"/>
      </object_component>
      <object_component id="oc-1fd">
         <name>.const</name>
         <load_address>0x2000d144</load_address>
         <run_address>0x2000d144</run_address>
         <size>0x80</size>
         <input_file_ref idref="fl-f2"/>
      </object_component>
      <object_component id="oc-7b5">
         <name>.const:OpcodeTranslateTable</name>
         <load_address>0x2000d1c4</load_address>
         <run_address>0x2000d1c4</run_address>
         <size>0x3c</size>
         <input_file_ref idref="fl-ea"/>
      </object_component>
      <object_component id="oc-54c">
         <name>.const</name>
         <load_address>0x2000d200</load_address>
         <run_address>0x2000d200</run_address>
         <size>0x3c</size>
         <input_file_ref idref="fl-ed"/>
      </object_component>
      <object_component id="oc-7f0">
         <name>.const:_SlActionLookupTable</name>
         <load_address>0x2000d23c</load_address>
         <run_address>0x2000d23c</run_address>
         <size>0x38</size>
         <input_file_ref idref="fl-ea"/>
      </object_component>
      <object_component id="oc-734">
         <name>.const</name>
         <load_address>0x2000d274</load_address>
         <run_address>0x2000d274</run_address>
         <size>0x34</size>
         <input_file_ref idref="fl-ea"/>
      </object_component>
      <object_component id="oc-5bb">
         <name>.const</name>
         <load_address>0x2000d2a8</load_address>
         <run_address>0x2000d2a8</run_address>
         <size>0x34</size>
         <input_file_ref idref="fl-ec"/>
      </object_component>
      <object_component id="oc-53b">
         <name>.const</name>
         <load_address>0x2000d2dc</load_address>
         <run_address>0x2000d2dc</run_address>
         <size>0x28</size>
         <input_file_ref idref="fl-eb"/>
      </object_component>
      <object_component id="oc-7b9">
         <name>.const</name>
         <load_address>0x2000d304</load_address>
         <run_address>0x2000d304</run_address>
         <size>0x18</size>
         <input_file_ref idref="fl-f5"/>
      </object_component>
      <object_component id="oc-56e">
         <name>.const</name>
         <load_address>0x2000d31c</load_address>
         <run_address>0x2000d31c</run_address>
         <size>0x14</size>
         <input_file_ref idref="fl-e9"/>
      </object_component>
      <object_component id="oc-719">
         <name>.const:.string</name>
         <load_address>0x2000d330</load_address>
         <run_address>0x2000d330</run_address>
         <size>0x10</size>
         <input_file_ref idref="fl-ec"/>
      </object_component>
      <object_component id="oc-701">
         <name>.const:.string</name>
         <load_address>0x2000d340</load_address>
         <run_address>0x2000d340</run_address>
         <size>0x8</size>
         <input_file_ref idref="fl-e9"/>
      </object_component>
      <object_component id="oc-85d">
         <name>.cinit..data.load</name>
         <load_address>0x2000d348</load_address>
         <run_address>0x2000d348</run_address>
         <size>0x49</size>
      </object_component>
      <object_component id="oc-85e">
         <name>.cinit..bss.load</name>
         <load_address>0x2000d398</load_address>
         <run_address>0x2000d398</run_address>
         <size>0xb</size>
      </object_component>
      <object_component id="oc-85b">
         <name>__TI_handler_table</name>
         <load_address>0x2000d3a4</load_address>
         <run_address>0x2000d3a4</run_address>
         <size>0x8</size>
      </object_component>
      <object_component id="oc-85c">
         <name>__TI_cinit_table</name>
         <load_address>0x2000d3ac</load_address>
         <run_address>0x2000d3ac</run_address>
         <size>0x10</size>
      </object_component>
      <object_component id="oc-2b5">
         <name>.data</name>
         <load_address>0x2002a6e5</load_address>
         <run_address>0x2002a6e5</run_address>
         <size>0x2</size>
         <input_file_ref idref="fl-2"/>
      </object_component>
      <object_component id="oc-3c4">
         <name>.data</name>
         <load_address>0x2002a72d</load_address>
         <run_address>0x2002a72d</run_address>
         <size>0x2</size>
         <input_file_ref idref="fl-4"/>
      </object_component>
      <object_component id="oc-2e3">
         <name>.data:ulReg</name>
         <load_address>0x2002a6c4</load_address>
         <run_address>0x2002a6c4</run_address>
         <size>0x14</size>
         <input_file_ref idref="fl-5"/>
      </object_component>
      <object_component id="oc-2db">
         <name>.data</name>
         <load_address>0x2002a70c</load_address>
         <run_address>0x2002a70c</run_address>
         <size>0xc</size>
         <input_file_ref idref="fl-5"/>
      </object_component>
      <object_component id="oc-187">
         <name>.data</name>
         <load_address>0x2002a6d8</load_address>
         <run_address>0x2002a6d8</run_address>
         <size>0xd</size>
         <input_file_ref idref="fl-8"/>
      </object_component>
      <object_component id="oc-435">
         <name>.data</name>
         <load_address>0x2002a744</load_address>
         <run_address>0x2002a744</run_address>
         <size>0x8</size>
         <input_file_ref idref="fl-9"/>
      </object_component>
      <object_component id="oc-424">
         <name>.data</name>
         <load_address>0x2002a74c</load_address>
         <run_address>0x2002a74c</run_address>
         <size>0x8</size>
         <input_file_ref idref="fl-a"/>
      </object_component>
      <object_component id="oc-37c">
         <name>.data</name>
         <load_address>0x2002a758</load_address>
         <run_address>0x2002a758</run_address>
         <size>0x4</size>
         <input_file_ref idref="fl-b"/>
      </object_component>
      <object_component id="oc-432">
         <name>.data</name>
         <load_address>0x2002a718</load_address>
         <run_address>0x2002a718</run_address>
         <size>0xc</size>
         <input_file_ref idref="fl-e"/>
      </object_component>
      <object_component id="oc-d8">
         <name>.data:$O1$$</name>
         <load_address>0x2002a6e8</load_address>
         <run_address>0x2002a6e8</run_address>
         <size>0xc</size>
         <input_file_ref idref="fl-d4"/>
      </object_component>
      <object_component id="oc-462">
         <name>.data:$O1$$</name>
         <load_address>0x2002a6f4</load_address>
         <run_address>0x2002a6f4</run_address>
         <size>0xc</size>
         <input_file_ref idref="fl-d7"/>
      </object_component>
      <object_component id="oc-84">
         <name>.data</name>
         <load_address>0x2002a75c</load_address>
         <run_address>0x2002a75c</run_address>
         <size>0x4</size>
         <input_file_ref idref="fl-db"/>
      </object_component>
      <object_component id="oc-db">
         <name>.data:$O1$$</name>
         <load_address>0x2002a73c</load_address>
         <run_address>0x2002a73c</run_address>
         <size>0x8</size>
         <input_file_ref idref="fl-dd"/>
      </object_component>
      <object_component id="oc-39f">
         <name>.data</name>
         <load_address>0x2002a700</load_address>
         <run_address>0x2002a700</run_address>
         <size>0xc</size>
         <input_file_ref idref="fl-e2"/>
[...]
         <object_component_ref idref="oc-44c"/>
      </symbol>
      <symbol id="sm-dba">
         <name>sl_Bind</name>
         <value>0x2000b2cd</value>
         <object_component_ref idref="oc-41d"/>
      </symbol>
      <symbol id="sm-e13">
         <name>sl_WlanSmartConfigStop</name>
         <value>0x2000ce71</value>
         <object_component_ref idref="oc-5a2"/>
      </symbol>
      <symbol id="sm-e14">
         <name>_SlPolicyGetCmdCtrl</name>
         <value>0x2000d204</value>
         <object_component_ref idref="oc-54c"/>
      </symbol>
      <symbol id="sm-e15">
         <name>_SlPolicySetCmdCtrl</name>
         <value>0x2000d200</value>
         <object_component_ref idref="oc-54c"/>
      </symbol>
      <symbol id="sm-e16">
         <name>_SlRxFilterGetCmdCtrl</name>
         <value>0x2000d21c</value>
         <object_component_ref idref="oc-54c"/>
      </symbol>
      <symbol id="sm-e17">
         <name>_SlRxFilterSetCmdCtrl</name>
         <value>0x2000d218</value>
         <object_component_ref idref="oc-54c"/>
      </symbol>
      <symbol id="sm-e18">
         <name>_SlProfileGetCmdCtrl</name>
         <value>0x2000d208</value>
         <object_component_ref idref="oc-54c"/>
      </symbol>
      <symbol id="sm-e19">
         <name>_SlWlanGetNetworkListCtrl</name>
         <value>0x2000d210</value>
         <object_component_ref idref="oc-54c"/>
      </symbol>
      <symbol id="sm-e1a">
         <name>sl_WlanPolicySet</name>
         <value>0x2000bba5</value>
         <object_component_ref idref="oc-5ae"/>
      </symbol>
      <symbol id="sm-e1b">
         <name>_SlProfileDelCmdCtrl</name>
         <value>0x2000d20c</value>
         <object_component_ref idref="oc-54c"/>
      </symbol>
      <symbol id="sm-e1c">
         <name>_SlWlanSetModeCmdCtrl</name>
         <value>0x2000d224</value>
         <object_component_ref idref="oc-54c"/>
      </symbol>
      <symbol id="sm-e1d">
         <name>_SlWlanCfgSetCmdCtrl</name>
         <value>0x2000d228</value>
         <object_component_ref idref="oc-54c"/>
      </symbol>
      <symbol id="sm-e1e">
         <name>_SlWlanCfgGetCmdCtrl</name>
         <value>0x2000d22c</value>
         <object_component_ref idref="oc-54c"/>
      </symbol>
      <symbol id="sm-e1f">
         <name>sl_WlanSmartConfigStart</name>
         <value>0x2000aef9</value>
         <object_component_ref idref="oc-5b4"/>
      </symbol>
      <symbol id="sm-e20">
         <name>sl_WlanProfileDel</name>
         <value>0x2000c675</value>
         <object_component_ref idref="oc-5a8"/>
      </symbol>
      <symbol id="sm-e21">
         <name>_SlRxFilterAddtCmdCtrl</name>
         <value>0x2000d214</value>
         <object_component_ref idref="oc-54c"/>
      </symbol>
      <symbol id="sm-e22">
         <name>_SlSmartConfigStartCmdCtrl</name>
         <value>0x2000d220</value>
         <object_component_ref idref="oc-54c"/>
      </symbol>
      <symbol id="sm-e23">
         <name>sl_WlanSetMode</name>
         <value>0x2000c6a5</value>
         <object_component_ref idref="oc-3ff"/>
      </symbol>
      <symbol id="sm-f32">
         <name>DMAMsgQ</name>
         <value>0x2002f2a4</value>
      </symbol>
      <symbol id="sm-f33">
         <name>g_cDummy</name>
         <value>0x2002f2b0</value>
      </symbol>
      <symbol id="sm-f34">
         <name>NwpMaskInterrupt</name>
         <value>0x2000ce59</value>
         <object_component_ref idref="oc-685"/>
      </symbol>
      <symbol id="sm-f35">
         <name>NwpRegisterInterruptHandler</name>
         <value>0x2000c855</value>
         <object_component_ref idref="oc-556"/>
      </symbol>
      <symbol id="sm-f36">
         <name>NwpPowerOnPreamble</name>
         <value>0x2000b45d</value>
         <object_component_ref idref="oc-57d"/>
      </symbol>
      <symbol id="sm-f37">
         <name>g_pHostIntHdl</name>
         <value>0x2002a728</value>
         <object_component_ref idref="oc-6aa"/>
      </symbol>
      <symbol id="sm-f38">
         <name>NwpUnMaskInterrupt</name>
         <value>0x2000ce65</value>
         <object_component_ref idref="oc-6fa"/>
      </symbol>
      <symbol id="sm-f39">
         <name>g_ucDinDout</name>
         <value>0x2002f140</value>
         <object_component_ref idref="oc-6f0"/>
      </symbol>
      <symbol id="sm-f3a">
         <name>NwpPowerOff</name>
         <value>0x2000c4d1</value>
         <object_component_ref idref="oc-55c"/>
      </symbol>
      <symbol id="sm-f3b">
         <name>spi_Read</name>
         <value>0x2000a0b1</value>
         <object_component_ref idref="oc-7a8"/>
      </symbol>
      <symbol id="sm-f3c">
         <name>DmaSpiSwIntHandler</name>
         <value>0x2000c6d5</value>
         <object_component_ref idref="oc-6f3"/>
      </symbol>
      <symbol id="sm-f3d">
         <name>NwpPowerOn</name>
         <value>0x2000c72d</value>
         <object_component_ref idref="oc-58f"/>
      </symbol>
      <symbol id="sm-f3e">
         <name>spi_Close</name>
         <value>0x2000b855</value>
         <object_component_ref idref="oc-562"/>
      </symbol>
      <symbol id="sm-f3f">
         <name>spi_Write</name>
         <value>0x2000b1b9</value>
         <object_component_ref idref="oc-72e"/>
      </symbol>
      <symbol id="sm-f40">
         <name>spi_Open</name>
         <value>0x200090c1</value>
         <object_component_ref idref="oc-589"/>
      </symbol>
      <symbol id="sm-f41">
         <name>g_ucDMAEnabled</name>
         <value>0x2002a72c</value>
         <object_component_ref idref="oc-6aa"/>
      </symbol>
      <symbol id="sm-f42">
         <name>g_SpiFd</name>
         <value>0x2002a724</value>
         <object_component_ref idref="oc-6aa"/>
      </symbol>
      <symbol id="sm-f8e">
         <name>GPIOIntDisable</name>
         <value>0x2000caf9</value>
         <object_component_ref idref="oc-3bb"/>
      </symbol>
      <symbol id="sm-f8f">
         <name>GPIOIntEnable</name>
         <value>0x2000cb13</value>
         <object_component_ref idref="oc-2d5"/>
      </symbol>
      <symbol id="sm-f90">
         <name>GPIOIntTypeSet</name>
         <value>0x2000b4e1</value>
         <object_component_ref idref="oc-2c9"/>
      </symbol>
      <symbol id="sm-f91">
         <name>GPIOIntClear</name>
         <value>0x2000cd51</value>
         <object_component_ref idref="oc-2cf"/>
      </symbol>
      <symbol id="sm-f92">
         <name>GPIOIntStatus</name>
         <value>0x2000c8e9</value>
         <object_component_ref idref="oc-3b5"/>
      </symbol>
      <symbol id="sm-f93">
         <name>GPIOPinRead</name>
         <value>0x2000cbc9</value>
         <object_component_ref idref="oc-2c3"/>
      </symbol>
      <symbol id="sm-f94">
         <name>GPIODirModeSet</name>
         <value>0x2000c541</value>
         <object_component_ref idref="oc-23e"/>
      </symbol>
      <symbol id="sm-f95">
         <name>GPIOPinWrite</name>
         <value>0x2000c993</value>
         <object_component_ref idref="oc-2bd"/>
      </symbol>
      <symbol id="sm-ff4">
         <name>I2CMasterDataPut</name>
         <value>0x2000ccb9</value>
         <object_component_ref idref="oc-291"/>
      </symbol>
      <symbol id="sm-ff5">
         <name>I2CMasterInitExpClk</name>
         <value>0x2000b355</value>
         <object_component_ref idref="oc-29d"/>
      </symbol>
      <symbol id="sm-ff6">
         <name>I2CMasterIntClearEx</name>
         <value>0x2000cddb</value>
         <object_component_ref idref="oc-273"/>
      </symbol>
      <symbol id="sm-ff7">
         <name>I2CMasterSlaveAddrSet</name>
         <value>0x2000c90b</value>
         <object_component_ref idref="oc-28b"/>
      </symbol>
      <symbol id="sm-ff8">
         <name>I2CMasterDataGet</name>
         <value>0x2000ce21</value>
         <object_component_ref idref="oc-297"/>
      </symbol>
      <symbol id="sm-ff9">
         <name>I2CMasterErr</name>
         <value>0x2000c701</value>
         <object_component_ref idref="oc-285"/>
      </symbol>
      <symbol id="sm-ffa">
         <name>I2CMasterTimeoutSet</name>
         <value>0x2000cded</value>
         <object_component_ref idref="oc-279"/>
      </symbol>
      <symbol id="sm-ffb">
         <name>I2CMasterControl</name>
         <value>0x2000cdc9</value>
         <object_component_ref idref="oc-27f"/>
      </symbol>
      <symbol id="sm-ffc">
         <name>I2CMasterEnable</name>
         <value>0x2000cccf</value>
         <object_component_ref idref="oc-49a"/>
      </symbol>
      <symbol id="sm-ffd">
         <name>I2CMasterIntStatusEx</name>
         <value>0x2000c9f5</value>
         <object_component_ref idref="oc-26d"/>
      </symbol>
      <symbol id="sm-105a">
         <name>I2SIntEnable</name>
         <value>0x2000c271</value>
         <object_component_ref idref="oc-2ed"/>
      </symbol>
      <symbol id="sm-105b">
         <name>I2STxFIFOEnable</name>
         <value>0x2000c7d9</value>
         <object_component_ref idref="oc-2ff"/>
      </symbol>
      <symbol id="sm-105c">
         <name>I2SEnable</name>
         <value>0x2000b3d9</value>
         <object_component_ref idref="oc-2e7"/>
      </symbol>
      <symbol id="sm-105d">
         <name>I2SRxFIFOEnable</name>
         <value>0x2000c7af</value>
         <object_component_ref idref="oc-2f9"/>
      </symbol>
      <symbol id="sm-105e">
         <name>I2SConfigSetExpClk</name>
         <value>0x20009ee5</value>
         <object_component_ref idref="oc-30b"/>
      </symbol>
      <symbol id="sm-105f">
         <name>I2SSerializerConfig</name>
         <value>0x2000c161</value>
         <object_component_ref idref="oc-311"/>
      </symbol>
      <symbol id="sm-1060">
         <name>I2SIntClear</name>
         <value>0x2000c499</value>
         <object_component_ref idref="oc-36c"/>
      </symbol>
      <symbol id="sm-1061">
         <name>I2SIntRegister</name>
         <value>0x2000cce5</value>
         <object_component_ref idref="oc-2f3"/>
      </symbol>
      <symbol id="sm-10e7">
         <name>IntPendClear</name>
         <value>0x2000bcbd</value>
         <object_component_ref idref="oc-3af"/>
      </symbol>
      <symbol id="sm-10e8">
         <name>IntPrioritySet</name>
         <value>0x2000bd6d</value>
         <object_component_ref idref="oc-387"/>
      </symbol>
      <symbol id="sm-10e9">
         <name>IntVTableBaseSet</name>
         <value>0x2000cd65</value>
         <object_component_ref idref="oc-12d"/>
      </symbol>
      <symbol id="sm-10ea">
         <name>IntEnable</name>
         <value>0x2000aaa5</value>
         <object_component_ref idref="oc-139"/>
      </symbol>
      <symbol id="sm-10eb">
         <name>IntDisable</name>
         <value>0x2000a9fd</value>
         <object_component_ref idref="oc-38d"/>
      </symbol>
      <symbol id="sm-10ec">
         <name>IntRegister</name>
         <value>0x2000c9b5</value>
         <object_component_ref idref="oc-381"/>
      </symbol>
      <symbol id="sm-10ed">
         <name>IntUnregister</name>
         <value>0x2000c87d</value>
         <object_component_ref idref="oc-393"/>
      </symbol>
      <symbol id="sm-10ee">
         <name>IntMasterEnable</name>
         <value>0x2000cead</value>
         <object_component_ref idref="oc-133"/>
      </symbol>
      <symbol id="sm-1135">
         <name>PinTypeI2S</name>
         <value>0x2000cb2d</value>
         <object_component_ref idref="oc-226"/>
      </symbol>
      <symbol id="sm-1136">
         <name>PinTypeI2C</name>
         <value>0x2000ca6d</value>
         <object_component_ref idref="oc-232"/>
      </symbol>
      <symbol id="sm-1137">
         <name>PinTypeUART</name>
         <value>0x2000cb47</value>
         <object_component_ref idref="oc-22c"/>
      </symbol>
      <symbol id="sm-1138">
         <name>PinTypeGPIO</name>
         <value>0x2000c615</value>
         <object_component_ref idref="oc-238"/>
      </symbol>
      <symbol id="sm-1139">
         <name>PinConfigSet</name>
         <value>0x2000b245</value>
         <object_component_ref idref="oc-47c"/>
      </symbol>
      <symbol id="sm-113a">
         <name>PinModeSet</name>
         <value>0x2000c2b1</value>
         <object_component_ref idref="oc-476"/>
      </symbol>
      <symbol id="sm-11d5">
         <name>PRCMPeripheralReset</name>
         <value>0x2000bd15</value>
         <object_component_ref idref="oc-213"/>
      </symbol>
      <symbol id="sm-11d6">
         <name>PRCMPeripheralClkEnable</name>
         <value>0x2000c36d</value>
         <object_component_ref idref="oc-20d"/>
      </symbol>
      <symbol id="sm-11d7">
         <name>PRCMPeripheralClockGet</name>
         <value>0x2000ae65</value>
         <object_component_ref idref="oc-6ba"/>
      </symbol>
      <symbol id="sm-11d8">
         <name>PRCMI2SClockFreqSet</name>
         <value>0x2000bc05</value>
         <object_component_ref idref="oc-305"/>
      </symbol>
      <symbol id="sm-11d9">
         <name>PRCMCC3200MCUInit</name>
         <value>0x20009349</value>
         <object_component_ref idref="oc-13f"/>
      </symbol>
      <symbol id="sm-11da">
         <name>PRCMHIBRegWrite</name>
         <value>0x2000cd11</value>
         <object_component_ref idref="oc-207"/>
      </symbol>
      <symbol id="sm-11db">
         <name>PRCMSysResetCauseGet</name>
         <value>0x2000c759</value>
         <object_component_ref idref="oc-21f"/>
      </symbol>
      <symbol id="sm-11dc">
         <name>PRCMPeripheralStatusGet</name>
         <value>0x2000c5ad</value>
         <object_component_ref idref="oc-6c6"/>
      </symbol>
      <symbol id="sm-11dd">
         <name>PRCMPeripheralClkDisable</name>
         <value>0x2000c805</value>
         <object_component_ref idref="oc-219"/>
      </symbol>
      <symbol id="sm-11de">
         <name>PRCMHIBRegRead</name>
         <value>0x2000ccfb</value>
         <object_component_ref idref="oc-201"/>
      </symbol>
      <symbol id="sm-127a">
         <name>SPIFIFODisable</name>
         <value>0x2000cb95</value>
         <object_component_ref idref="oc-68c"/>
      </symbol>
      <symbol id="sm-127b">
         <name>SPICSEnable</name>
         <value>0x2000cbf9</value>
         <object_component_ref idref="oc-781"/>
      </symbol>
      <symbol id="sm-127c">
         <name>SPIDisable</name>
         <value>0x2000cc11</value>
         <object_component_ref idref="oc-69e"/>
      </symbol>
      <symbol id="sm-127d">
         <name>SPIFIFOEnable</name>
         <value>0x2000cbaf</value>
         <object_component_ref idref="oc-6d2"/>
      </symbol>
      <symbol id="sm-127e">
         <name>SPIWordCountSet</name>
         <value>0x2000c971</value>
         <object_component_ref idref="oc-787"/>
      </symbol>
      <symbol id="sm-127f">
         <name>SPIEnable</name>
         <value>0x2000cc29</value>
         <object_component_ref idref="oc-6ea"/>
      </symbol>
      <symbol id="sm-1280">
         <name>SPIDmaEnable</name>
         <value>0x2000cb7b</value>
         <object_component_ref idref="oc-6d8"/>
      </symbol>
      <symbol id="sm-1281">
         <name>SPIConfigSetExpClk</name>
         <value>0x2000abf1</value>
         <object_component_ref idref="oc-6c0"/>
      </symbol>
      <symbol id="sm-1282">
         <name>SPIFIFOLevelSet</name>
         <value>0x2000c5e1</value>
         <object_component_ref idref="oc-6de"/>
      </symbol>
      <symbol id="sm-1283">
         <name>SPIDmaDisable</name>
         <value>0x2000cb61</value>
         <object_component_ref idref="oc-692"/>
      </symbol>
      <symbol id="sm-1284">
         <name>SPIReset</name>
         <value>0x2000c94f</value>
         <object_component_ref idref="oc-6a4"/>
      </symbol>
      <symbol id="sm-1285">
         <name>SPIIntEnable</name>
         <value>0x2000bf09</value>
         <object_component_ref idref="oc-6e4"/>
      </symbol>
      <symbol id="sm-1286">
         <name>SPIIntClear</name>
         <value>0x2000c0d1</value>
         <object_component_ref idref="oc-76a"/>
      </symbol>
      <symbol id="sm-1287">
         <name>SPICSDisable</name>
         <value>0x2000cbe1</value>
         <object_component_ref idref="oc-698"/>
      </symbol>
      <symbol id="sm-12a7">
         <name>UARTCharsAvail</name>
         <value>0x2000cc41</value>
         <object_component_ref idref="oc-251"/>
      </symbol>
      <symbol id="sm-12a8">
         <name>UARTCharGetNonBlocking</name>
         <value>0x2000ca89</value>
         <object_component_ref idref="oc-257"/>
      </symbol>
      <symbol id="sm-12a9">
         <name>UARTCharPut</name>
         <value>0x2000ca13</value>
         <object_component_ref idref="oc-25d"/>
      </symbol>
      <symbol id="sm-1344">
         <name>uDMAChannelControlSet</name>
         <value>0x2000c45d</value>
         <object_component_ref idref="oc-319"/>
      </symbol>
      <symbol id="sm-1345">
         <name>uDMAIntClear</name>
         <value>0x2000cdb5</value>
         <object_component_ref idref="oc-35b"/>
      </symbol>
      <symbol id="sm-1346">
         <name>uDMAControlBaseGet</name>
         <value>0x2000ce7d</value>
         <object_component_ref idref="oc-372"/>
      </symbol>
      <symbol id="sm-1347">
         <name>uDMAIntUnregister</name>
         <value>0x2000cdff</value>
         <object_component_ref idref="oc-33d"/>
      </symbol>
      <symbol id="sm-1348">
         <name>uDMAChannelAttributeEnable</name>
         <value>0x2000bae1</value>
         <object_component_ref idref="oc-31f"/>
      </symbol>
      <symbol id="sm-1349">
         <name>uDMADisable</name>
         <value>0x2000ce89</value>
         <object_component_ref idref="oc-343"/>
      </symbol>
      <symbol id="sm-134a">
         <name>uDMAChannelTransferSet</name>
         <value>0x20009df5</value>
         <object_component_ref idref="oc-325"/>
      </symbol>
      <symbol id="sm-134b">
         <name>uDMAIntStatus</name>
         <value>0x2000cea1</value>
         <object_component_ref idref="oc-355"/>
      </symbol>
      <symbol id="sm-134c">
         <name>uDMAChannelAssign</name>
         <value>0x2000c085</value>
         <object_component_ref idref="oc-349"/>
      </symbol>
      <symbol id="sm-134d">
         <name>uDMAEnable</name>
         <value>0x2000ce95</value>
         <object_component_ref idref="oc-331"/>
      </symbol>
      <symbol id="sm-134e">
         <name>uDMAControlBaseSet</name>
         <value>0x2000cda1</value>
         <object_component_ref idref="oc-337"/>
      </symbol>
      <symbol id="sm-134f">
         <name>uDMAChannelAttributeDisable</name>
         <value>0x2000ba7d</value>
         <object_component_ref idref="oc-34f"/>
      </symbol>
      <symbol id="sm-1350">
         <name>uDMAChannelEnable</name>
         <value>0x2000cadd</value>
         <object_component_ref idref="oc-32b"/>
      </symbol>
      <symbol id="sm-1354">
         <name>UtilsDelay</name>
         <value>0x2000ceb7</value>
         <object_component_ref idref="oc-2b1"/>
      </symbol>
      <symbol id="sm-135f">
         <name>CPUcpsie</name>
         <value>0x2000cd3d</value>
         <object_component_ref idref="oc-1f1"/>
      </symbol>
      <symbol id="sm-1369">
         <name>__aeabi_llsr</name>
         <value>0x2000ca4f</value>
         <object_component_ref idref="oc-4ce"/>
      </symbol>
      <symbol id="sm-1385">
         <name>__aeabi_uldivmod</name>
         <value>0x20008061</value>
         <object_component_ref idref="oc-4c9"/>
      </symbol>
      <symbol id="sm-1386">
         <name>__TI_static_base__</name>
         <value>0x2000d348</value>
      </symbol>
      <symbol id="sm-1389">
         <name>SHT$$INIT_ARRAY$$Limit</name>
         <value>0x0</value>
      </symbol>
      <symbol id="sm-138a">
         <name>SHT$$INIT_ARRAY$$Base</name>
         <value>0x0</value>
      </symbol>
   </symbol_table>
   <title>Link successful</title>
</link_info>
